Component: Arm Compiler for Embedded 6.21 Tool: armlink [5ec1fa00]

==============================================================================

Section Cross References

    gd32f4xx_it.o(.ARM.exidx.text.NMI_Handler) refers to gd32f4xx_it.o(.text.NMI_Handler) for [Anonymous Symbol]
    gd32f4xx_it.o(.ARM.exidx.text.HardFault_Handler) refers to gd32f4xx_it.o(.text.HardFault_Handler) for [Anonymous Symbol]
    gd32f4xx_it.o(.ARM.exidx.text.MemManage_Handler) refers to gd32f4xx_it.o(.text.MemManage_Handler) for [Anonymous Symbol]
    gd32f4xx_it.o(.ARM.exidx.text.BusFault_Handler) refers to gd32f4xx_it.o(.text.BusFault_Handler) for [Anonymous Symbol]
    gd32f4xx_it.o(.ARM.exidx.text.UsageFault_Handler) refers to gd32f4xx_it.o(.text.UsageFault_Handler) for [Anonymous Symbol]
    gd32f4xx_it.o(.ARM.exidx.text.SVC_Handler) refers to gd32f4xx_it.o(.text.SVC_Handler) for [Anonymous Symbol]
    gd32f4xx_it.o(.ARM.exidx.text.DebugMon_Handler) refers to gd32f4xx_it.o(.text.DebugMon_Handler) for [Anonymous Symbol]
    gd32f4xx_it.o(.ARM.exidx.text.PendSV_Handler) refers to gd32f4xx_it.o(.text.PendSV_Handler) for [Anonymous Symbol]
    gd32f4xx_it.o(.text.SysTick_Handler) refers to systick.o(.text.delay_decrement) for delay_decrement
    gd32f4xx_it.o(.ARM.exidx.text.SysTick_Handler) refers to gd32f4xx_it.o(.text.SysTick_Handler) for [Anonymous Symbol]
    main.o(.text.LED_GPIO_config) refers to gd32f4xx_rcu.o(.text.rcu_periph_clock_enable) for rcu_periph_clock_enable
    main.o(.text.LED_GPIO_config) refers to gd32f4xx_gpio.o(.text.gpio_mode_set) for gpio_mode_set
    main.o(.text.LED_GPIO_config) refers to gd32f4xx_gpio.o(.text.gpio_output_options_set) for gpio_output_options_set
    main.o(.ARM.exidx.text.LED_GPIO_config) refers to main.o(.text.LED_GPIO_config) for [Anonymous Symbol]
    main.o(.text.Monter_GPIO_config) refers to gd32f4xx_rcu.o(.text.rcu_periph_clock_enable) for rcu_periph_clock_enable
    main.o(.text.Monter_GPIO_config) refers to gd32f4xx_gpio.o(.text.gpio_mode_set) for gpio_mode_set
    main.o(.text.Monter_GPIO_config) refers to gd32f4xx_gpio.o(.text.gpio_output_options_set) for gpio_output_options_set
    main.o(.ARM.exidx.text.Monter_GPIO_config) refers to main.o(.text.Monter_GPIO_config) for [Anonymous Symbol]
    main.o(.text.KEY_GPIO_config) refers to gd32f4xx_rcu.o(.text.rcu_periph_clock_enable) for rcu_periph_clock_enable
    main.o(.text.KEY_GPIO_config) refers to gd32f4xx_gpio.o(.text.gpio_mode_set) for gpio_mode_set
    main.o(.ARM.exidx.text.KEY_GPIO_config) refers to main.o(.text.KEY_GPIO_config) for [Anonymous Symbol]
    main.o(.text.BUZZER_PWM_config) refers to gd32f4xx_rcu.o(.text.rcu_periph_clock_enable) for rcu_periph_clock_enable
    main.o(.text.BUZZER_PWM_config) refers to gd32f4xx_gpio.o(.text.gpio_mode_set) for gpio_mode_set
    main.o(.text.BUZZER_PWM_config) refers to gd32f4xx_gpio.o(.text.gpio_output_options_set) for gpio_output_options_set
    main.o(.text.BUZZER_PWM_config) refers to gd32f4xx_gpio.o(.text.gpio_af_set) for gpio_af_set
    main.o(.text.BUZZER_PWM_config) refers to gd32f4xx_timer.o(.text.timer_struct_para_init) for timer_struct_para_init
    main.o(.text.BUZZER_PWM_config) refers to gd32f4xx_timer.o(.text.timer_init) for timer_init
    main.o(.text.BUZZER_PWM_config) refers to gd32f4xx_timer.o(.text.timer_channel_output_struct_para_init) for timer_channel_output_struct_para_init
    main.o(.text.BUZZER_PWM_config) refers to gd32f4xx_timer.o(.text.timer_channel_output_config) for timer_channel_output_config
    main.o(.text.BUZZER_PWM_config) refers to gd32f4xx_timer.o(.text.timer_channel_output_pulse_value_config) for timer_channel_output_pulse_value_config
    main.o(.text.BUZZER_PWM_config) refers to gd32f4xx_timer.o(.text.timer_channel_output_mode_config) for timer_channel_output_mode_config
    main.o(.text.BUZZER_PWM_config) refers to gd32f4xx_timer.o(.text.timer_channel_output_shadow_config) for timer_channel_output_shadow_config
    main.o(.text.BUZZER_PWM_config) refers to gd32f4xx_timer.o(.text.timer_auto_reload_shadow_enable) for timer_auto_reload_shadow_enable
    main.o(.text.BUZZER_PWM_config) refers to gd32f4xx_timer.o(.text.timer_enable) for timer_enable
    main.o(.ARM.exidx.text.BUZZER_PWM_config) refers to main.o(.text.BUZZER_PWM_config) for [Anonymous Symbol]
    main.o(.text.main) refers to systick.o(.text.systick_config) for systick_config
    main.o(.text.main) refers to gd32f4xx_rcu.o(.text.rcu_periph_clock_enable) for rcu_periph_clock_enable
    main.o(.text.main) refers to gd32f4xx_gpio.o(.text.gpio_mode_set) for gpio_mode_set
    main.o(.text.main) refers to gd32f4xx_gpio.o(.text.gpio_output_options_set) for gpio_output_options_set
    main.o(.text.main) refers to main.o(.text.BUZZER_PWM_config) for BUZZER_PWM_config
    main.o(.text.main) refers to main.o(.data.buzzer_period) for buzzer_period
    main.o(.text.main) refers to gd32f4xx_timer.o(.text.timer_autoreload_value_config) for timer_autoreload_value_config
    main.o(.text.main) refers to gd32f4xx_timer.o(.text.timer_channel_output_pulse_value_config) for timer_channel_output_pulse_value_config
    main.o(.text.main) refers to gd32f4xx_gpio.o(.text.gpio_input_bit_get) for gpio_input_bit_get
    main.o(.text.main) refers to gd32f4xx_gpio.o(.text.gpio_bit_reset) for gpio_bit_reset
    main.o(.text.main) refers to gd32f4xx_gpio.o(.text.gpio_bit_set) for gpio_bit_set
    main.o(.ARM.exidx.text.main) refers to main.o(.text.main) for [Anonymous Symbol]
    systick.o(.text.systick_config) refers to system_gd32f4xx.o(.data.SystemCoreClock) for SystemCoreClock
    systick.o(.ARM.exidx.text.systick_config) refers to systick.o(.text.systick_config) for [Anonymous Symbol]
    systick.o(.text.delay_1ms) refers to systick.o(.bss.delay) for delay
    systick.o(.ARM.exidx.text.delay_1ms) refers to systick.o(.text.delay_1ms) for [Anonymous Symbol]
    systick.o(.text.delay_1us) refers to systick.o(.bss.delay) for delay
    systick.o(.ARM.exidx.text.delay_1us) refers to systick.o(.text.delay_1us) for [Anonymous Symbol]
    systick.o(.text.delay_decrement) refers to systick.o(.bss.delay) for delay
    systick.o(.ARM.exidx.text.delay_decrement) refers to systick.o(.text.delay_decrement) for [Anonymous Symbol]
    gd32f4xx_rcu.o(.ARM.exidx.text.rcu_deinit) refers to gd32f4xx_rcu.o(.text.rcu_deinit) for [Anonymous Symbol]
    gd32f4xx_rcu.o(.ARM.exidx.text.rcu_osci_stab_wait) refers to gd32f4xx_rcu.o(.text.rcu_osci_stab_wait) for [Anonymous Symbol]
    gd32f4xx_rcu.o(.ARM.exidx.text.rcu_periph_clock_enable) refers to gd32f4xx_rcu.o(.text.rcu_periph_clock_enable) for [Anonymous Symbol]
    gd32f4xx_rcu.o(.ARM.exidx.text.rcu_periph_clock_disable) refers to gd32f4xx_rcu.o(.text.rcu_periph_clock_disable) for [Anonymous Symbol]
    gd32f4xx_rcu.o(.ARM.exidx.text.rcu_periph_clock_sleep_enable) refers to gd32f4xx_rcu.o(.text.rcu_periph_clock_sleep_enable) for [Anonymous Symbol]
    gd32f4xx_rcu.o(.ARM.exidx.text.rcu_periph_clock_sleep_disable) refers to gd32f4xx_rcu.o(.text.rcu_periph_clock_sleep_disable) for [Anonymous Symbol]
    gd32f4xx_rcu.o(.ARM.exidx.text.rcu_periph_reset_enable) refers to gd32f4xx_rcu.o(.text.rcu_periph_reset_enable) for [Anonymous Symbol]
    gd32f4xx_rcu.o(.ARM.exidx.text.rcu_periph_reset_disable) refers to gd32f4xx_rcu.o(.text.rcu_periph_reset_disable) for [Anonymous Symbol]
    gd32f4xx_rcu.o(.ARM.exidx.text.rcu_bkp_reset_enable) refers to gd32f4xx_rcu.o(.text.rcu_bkp_reset_enable) for [Anonymous Symbol]
    gd32f4xx_rcu.o(.ARM.exidx.text.rcu_bkp_reset_disable) refers to gd32f4xx_rcu.o(.text.rcu_bkp_reset_disable) for [Anonymous Symbol]
    gd32f4xx_rcu.o(.ARM.exidx.text.rcu_system_clock_source_config) refers to gd32f4xx_rcu.o(.text.rcu_system_clock_source_config) for [Anonymous Symbol]
    gd32f4xx_rcu.o(.ARM.exidx.text.rcu_system_clock_source_get) refers to gd32f4xx_rcu.o(.text.rcu_system_clock_source_get) for [Anonymous Symbol]
    gd32f4xx_rcu.o(.ARM.exidx.text.rcu_ahb_clock_config) refers to gd32f4xx_rcu.o(.text.rcu_ahb_clock_config) for [Anonymous Symbol]
    gd32f4xx_rcu.o(.ARM.exidx.text.rcu_apb1_clock_config) refers to gd32f4xx_rcu.o(.text.rcu_apb1_clock_config) for [Anonymous Symbol]
    gd32f4xx_rcu.o(.ARM.exidx.text.rcu_apb2_clock_config) refers to gd32f4xx_rcu.o(.text.rcu_apb2_clock_config) for [Anonymous Symbol]
    gd32f4xx_rcu.o(.ARM.exidx.text.rcu_ckout0_config) refers to gd32f4xx_rcu.o(.text.rcu_ckout0_config) for [Anonymous Symbol]
    gd32f4xx_rcu.o(.ARM.exidx.text.rcu_ckout1_config) refers to gd32f4xx_rcu.o(.text.rcu_ckout1_config) for [Anonymous Symbol]
    gd32f4xx_rcu.o(.ARM.exidx.text.rcu_pll_config) refers to gd32f4xx_rcu.o(.text.rcu_pll_config) for [Anonymous Symbol]
    gd32f4xx_rcu.o(.ARM.exidx.text.rcu_plli2s_config) refers to gd32f4xx_rcu.o(.text.rcu_plli2s_config) for [Anonymous Symbol]
    gd32f4xx_rcu.o(.ARM.exidx.text.rcu_pllsai_config) refers to gd32f4xx_rcu.o(.text.rcu_pllsai_config) for [Anonymous Symbol]
    gd32f4xx_rcu.o(.ARM.exidx.text.rcu_rtc_clock_config) refers to gd32f4xx_rcu.o(.text.rcu_rtc_clock_config) for [Anonymous Symbol]
    gd32f4xx_rcu.o(.ARM.exidx.text.rcu_rtc_div_config) refers to gd32f4xx_rcu.o(.text.rcu_rtc_div_config) for [Anonymous Symbol]
    gd32f4xx_rcu.o(.ARM.exidx.text.rcu_i2s_clock_config) refers to gd32f4xx_rcu.o(.text.rcu_i2s_clock_config) for [Anonymous Symbol]
    gd32f4xx_rcu.o(.ARM.exidx.text.rcu_ck48m_clock_config) refers to gd32f4xx_rcu.o(.text.rcu_ck48m_clock_config) for [Anonymous Symbol]
    gd32f4xx_rcu.o(.ARM.exidx.text.rcu_pll48m_clock_config) refers to gd32f4xx_rcu.o(.text.rcu_pll48m_clock_config) for [Anonymous Symbol]
    gd32f4xx_rcu.o(.ARM.exidx.text.rcu_timer_clock_prescaler_config) refers to gd32f4xx_rcu.o(.text.rcu_timer_clock_prescaler_config) for [Anonymous Symbol]
    gd32f4xx_rcu.o(.ARM.exidx.text.rcu_tli_clock_div_config) refers to gd32f4xx_rcu.o(.text.rcu_tli_clock_div_config) for [Anonymous Symbol]
    gd32f4xx_rcu.o(.ARM.exidx.text.rcu_lxtal_drive_capability_config) refers to gd32f4xx_rcu.o(.text.rcu_lxtal_drive_capability_config) for [Anonymous Symbol]
    gd32f4xx_rcu.o(.ARM.exidx.text.rcu_flag_get) refers to gd32f4xx_rcu.o(.text.rcu_flag_get) for [Anonymous Symbol]
    gd32f4xx_rcu.o(.ARM.exidx.text.rcu_osci_on) refers to gd32f4xx_rcu.o(.text.rcu_osci_on) for [Anonymous Symbol]
    gd32f4xx_rcu.o(.ARM.exidx.text.rcu_osci_off) refers to gd32f4xx_rcu.o(.text.rcu_osci_off) for [Anonymous Symbol]
    gd32f4xx_rcu.o(.ARM.exidx.text.rcu_osci_bypass_mode_enable) refers to gd32f4xx_rcu.o(.text.rcu_osci_bypass_mode_enable) for [Anonymous Symbol]
    gd32f4xx_rcu.o(.ARM.exidx.text.rcu_osci_bypass_mode_disable) refers to gd32f4xx_rcu.o(.text.rcu_osci_bypass_mode_disable) for [Anonymous Symbol]
    gd32f4xx_rcu.o(.ARM.exidx.text.rcu_irc16m_adjust_value_set) refers to gd32f4xx_rcu.o(.text.rcu_irc16m_adjust_value_set) for [Anonymous Symbol]
    gd32f4xx_rcu.o(.ARM.exidx.text.rcu_spread_spectrum_config) refers to gd32f4xx_rcu.o(.text.rcu_spread_spectrum_config) for [Anonymous Symbol]
    gd32f4xx_rcu.o(.ARM.exidx.text.rcu_spread_spectrum_enable) refers to gd32f4xx_rcu.o(.text.rcu_spread_spectrum_enable) for [Anonymous Symbol]
    gd32f4xx_rcu.o(.ARM.exidx.text.rcu_spread_spectrum_disable) refers to gd32f4xx_rcu.o(.text.rcu_spread_spectrum_disable) for [Anonymous Symbol]
    gd32f4xx_rcu.o(.ARM.exidx.text.rcu_hxtal_clock_monitor_enable) refers to gd32f4xx_rcu.o(.text.rcu_hxtal_clock_monitor_enable) for [Anonymous Symbol]
    gd32f4xx_rcu.o(.ARM.exidx.text.rcu_hxtal_clock_monitor_disable) refers to gd32f4xx_rcu.o(.text.rcu_hxtal_clock_monitor_disable) for [Anonymous Symbol]
    gd32f4xx_rcu.o(.ARM.exidx.text.rcu_voltage_key_unlock) refers to gd32f4xx_rcu.o(.text.rcu_voltage_key_unlock) for [Anonymous Symbol]
    gd32f4xx_rcu.o(.ARM.exidx.text.rcu_deepsleep_voltage_set) refers to gd32f4xx_rcu.o(.text.rcu_deepsleep_voltage_set) for [Anonymous Symbol]
    gd32f4xx_rcu.o(.text.rcu_clock_freq_get) refers to gd32f4xx_rcu.o(.rodata.cst8) for .L__const.rcu_clock_freq_get.apb2_exp
    gd32f4xx_rcu.o(.ARM.exidx.text.rcu_clock_freq_get) refers to gd32f4xx_rcu.o(.text.rcu_clock_freq_get) for [Anonymous Symbol]
    gd32f4xx_rcu.o(.ARM.exidx.text.rcu_all_reset_flag_clear) refers to gd32f4xx_rcu.o(.text.rcu_all_reset_flag_clear) for [Anonymous Symbol]
    gd32f4xx_rcu.o(.ARM.exidx.text.rcu_interrupt_flag_get) refers to gd32f4xx_rcu.o(.text.rcu_interrupt_flag_get) for [Anonymous Symbol]
    gd32f4xx_rcu.o(.ARM.exidx.text.rcu_interrupt_flag_clear) refers to gd32f4xx_rcu.o(.text.rcu_interrupt_flag_clear) for [Anonymous Symbol]
    gd32f4xx_rcu.o(.ARM.exidx.text.rcu_interrupt_enable) refers to gd32f4xx_rcu.o(.text.rcu_interrupt_enable) for [Anonymous Symbol]
    gd32f4xx_rcu.o(.ARM.exidx.text.rcu_interrupt_disable) refers to gd32f4xx_rcu.o(.text.rcu_interrupt_disable) for [Anonymous Symbol]
    gd32f4xx_gpio.o(.text.gpio_deinit) refers to gd32f4xx_rcu.o(.text.rcu_periph_reset_enable) for rcu_periph_reset_enable
    gd32f4xx_gpio.o(.text.gpio_deinit) refers to gd32f4xx_rcu.o(.text.rcu_periph_reset_disable) for rcu_periph_reset_disable
    gd32f4xx_gpio.o(.ARM.exidx.text.gpio_deinit) refers to gd32f4xx_gpio.o(.text.gpio_deinit) for [Anonymous Symbol]
    gd32f4xx_gpio.o(.ARM.exidx.text.gpio_mode_set) refers to gd32f4xx_gpio.o(.text.gpio_mode_set) for [Anonymous Symbol]
    gd32f4xx_gpio.o(.ARM.exidx.text.gpio_output_options_set) refers to gd32f4xx_gpio.o(.text.gpio_output_options_set) for [Anonymous Symbol]
    gd32f4xx_gpio.o(.ARM.exidx.text.gpio_bit_set) refers to gd32f4xx_gpio.o(.text.gpio_bit_set) for [Anonymous Symbol]
    gd32f4xx_gpio.o(.ARM.exidx.text.gpio_bit_reset) refers to gd32f4xx_gpio.o(.text.gpio_bit_reset) for [Anonymous Symbol]
    gd32f4xx_gpio.o(.ARM.exidx.text.gpio_bit_write) refers to gd32f4xx_gpio.o(.text.gpio_bit_write) for [Anonymous Symbol]
    gd32f4xx_gpio.o(.ARM.exidx.text.gpio_port_write) refers to gd32f4xx_gpio.o(.text.gpio_port_write) for [Anonymous Symbol]
    gd32f4xx_gpio.o(.ARM.exidx.text.gpio_input_bit_get) refers to gd32f4xx_gpio.o(.text.gpio_input_bit_get) for [Anonymous Symbol]
    gd32f4xx_gpio.o(.ARM.exidx.text.gpio_input_port_get) refers to gd32f4xx_gpio.o(.text.gpio_input_port_get) for [Anonymous Symbol]
    gd32f4xx_gpio.o(.ARM.exidx.text.gpio_output_bit_get) refers to gd32f4xx_gpio.o(.text.gpio_output_bit_get) for [Anonymous Symbol]
    gd32f4xx_gpio.o(.ARM.exidx.text.gpio_output_port_get) refers to gd32f4xx_gpio.o(.text.gpio_output_port_get) for [Anonymous Symbol]
    gd32f4xx_gpio.o(.ARM.exidx.text.gpio_af_set) refers to gd32f4xx_gpio.o(.text.gpio_af_set) for [Anonymous Symbol]
    gd32f4xx_gpio.o(.ARM.exidx.text.gpio_pin_lock) refers to gd32f4xx_gpio.o(.text.gpio_pin_lock) for [Anonymous Symbol]
    gd32f4xx_gpio.o(.ARM.exidx.text.gpio_bit_toggle) refers to gd32f4xx_gpio.o(.text.gpio_bit_toggle) for [Anonymous Symbol]
    gd32f4xx_gpio.o(.ARM.exidx.text.gpio_port_toggle) refers to gd32f4xx_gpio.o(.text.gpio_port_toggle) for [Anonymous Symbol]
    gd32f4xx_misc.o(.ARM.exidx.text.nvic_priority_group_set) refers to gd32f4xx_misc.o(.text.nvic_priority_group_set) for [Anonymous Symbol]
    gd32f4xx_misc.o(.ARM.exidx.text.nvic_irq_enable) refers to gd32f4xx_misc.o(.text.nvic_irq_enable) for [Anonymous Symbol]
    gd32f4xx_misc.o(.ARM.exidx.text.nvic_irq_disable) refers to gd32f4xx_misc.o(.text.nvic_irq_disable) for [Anonymous Symbol]
    gd32f4xx_misc.o(.ARM.exidx.text.nvic_vector_table_set) refers to gd32f4xx_misc.o(.text.nvic_vector_table_set) for [Anonymous Symbol]
    gd32f4xx_misc.o(.ARM.exidx.text.system_lowpower_set) refers to gd32f4xx_misc.o(.text.system_lowpower_set) for [Anonymous Symbol]
    gd32f4xx_misc.o(.ARM.exidx.text.system_lowpower_reset) refers to gd32f4xx_misc.o(.text.system_lowpower_reset) for [Anonymous Symbol]
    gd32f4xx_misc.o(.ARM.exidx.text.systick_clksource_set) refers to gd32f4xx_misc.o(.text.systick_clksource_set) for [Anonymous Symbol]
    gd32f4xx_timer.o(.text.timer_deinit) refers to gd32f4xx_rcu.o(.text.rcu_periph_reset_enable) for rcu_periph_reset_enable
    gd32f4xx_timer.o(.text.timer_deinit) refers to gd32f4xx_rcu.o(.text.rcu_periph_reset_disable) for rcu_periph_reset_disable
    gd32f4xx_timer.o(.ARM.exidx.text.timer_deinit) refers to gd32f4xx_timer.o(.text.timer_deinit) for [Anonymous Symbol]
    gd32f4xx_timer.o(.ARM.exidx.text.timer_struct_para_init) refers to gd32f4xx_timer.o(.text.timer_struct_para_init) for [Anonymous Symbol]
    gd32f4xx_timer.o(.ARM.exidx.text.timer_init) refers to gd32f4xx_timer.o(.text.timer_init) for [Anonymous Symbol]
    gd32f4xx_timer.o(.ARM.exidx.text.timer_enable) refers to gd32f4xx_timer.o(.text.timer_enable) for [Anonymous Symbol]
    gd32f4xx_timer.o(.ARM.exidx.text.timer_disable) refers to gd32f4xx_timer.o(.text.timer_disable) for [Anonymous Symbol]
    gd32f4xx_timer.o(.ARM.exidx.text.timer_auto_reload_shadow_enable) refers to gd32f4xx_timer.o(.text.timer_auto_reload_shadow_enable) for [Anonymous Symbol]
    gd32f4xx_timer.o(.ARM.exidx.text.timer_auto_reload_shadow_disable) refers to gd32f4xx_timer.o(.text.timer_auto_reload_shadow_disable) for [Anonymous Symbol]
    gd32f4xx_timer.o(.ARM.exidx.text.timer_update_event_enable) refers to gd32f4xx_timer.o(.text.timer_update_event_enable) for [Anonymous Symbol]
    gd32f4xx_timer.o(.ARM.exidx.text.timer_update_event_disable) refers to gd32f4xx_timer.o(.text.timer_update_event_disable) for [Anonymous Symbol]
    gd32f4xx_timer.o(.ARM.exidx.text.timer_counter_alignment) refers to gd32f4xx_timer.o(.text.timer_counter_alignment) for [Anonymous Symbol]
    gd32f4xx_timer.o(.ARM.exidx.text.timer_counter_up_direction) refers to gd32f4xx_timer.o(.text.timer_counter_up_direction) for [Anonymous Symbol]
    gd32f4xx_timer.o(.ARM.exidx.text.timer_counter_down_direction) refers to gd32f4xx_timer.o(.text.timer_counter_down_direction) for [Anonymous Symbol]
    gd32f4xx_timer.o(.ARM.exidx.text.timer_prescaler_config) refers to gd32f4xx_timer.o(.text.timer_prescaler_config) for [Anonymous Symbol]
    gd32f4xx_timer.o(.ARM.exidx.text.timer_repetition_value_config) refers to gd32f4xx_timer.o(.text.timer_repetition_value_config) for [Anonymous Symbol]
    gd32f4xx_timer.o(.ARM.exidx.text.timer_autoreload_value_config) refers to gd32f4xx_timer.o(.text.timer_autoreload_value_config) for [Anonymous Symbol]
    gd32f4xx_timer.o(.ARM.exidx.text.timer_counter_value_config) refers to gd32f4xx_timer.o(.text.timer_counter_value_config) for [Anonymous Symbol]
    gd32f4xx_timer.o(.ARM.exidx.text.timer_counter_read) refers to gd32f4xx_timer.o(.text.timer_counter_read) for [Anonymous Symbol]
    gd32f4xx_timer.o(.ARM.exidx.text.timer_prescaler_read) refers to gd32f4xx_timer.o(.text.timer_prescaler_read) for [Anonymous Symbol]
    gd32f4xx_timer.o(.ARM.exidx.text.timer_single_pulse_mode_config) refers to gd32f4xx_timer.o(.text.timer_single_pulse_mode_config) for [Anonymous Symbol]
    gd32f4xx_timer.o(.ARM.exidx.text.timer_update_source_config) refers to gd32f4xx_timer.o(.text.timer_update_source_config) for [Anonymous Symbol]
    gd32f4xx_timer.o(.ARM.exidx.text.timer_dma_enable) refers to gd32f4xx_timer.o(.text.timer_dma_enable) for [Anonymous Symbol]
    gd32f4xx_timer.o(.ARM.exidx.text.timer_dma_disable) refers to gd32f4xx_timer.o(.text.timer_dma_disable) for [Anonymous Symbol]
    gd32f4xx_timer.o(.ARM.exidx.text.timer_channel_dma_request_source_select) refers to gd32f4xx_timer.o(.text.timer_channel_dma_request_source_select) for [Anonymous Symbol]
    gd32f4xx_timer.o(.ARM.exidx.text.timer_dma_transfer_config) refers to gd32f4xx_timer.o(.text.timer_dma_transfer_config) for [Anonymous Symbol]
    gd32f4xx_timer.o(.ARM.exidx.text.timer_event_software_generate) refers to gd32f4xx_timer.o(.text.timer_event_software_generate) for [Anonymous Symbol]
    gd32f4xx_timer.o(.ARM.exidx.text.timer_break_struct_para_init) refers to gd32f4xx_timer.o(.text.timer_break_struct_para_init) for [Anonymous Symbol]
    gd32f4xx_timer.o(.ARM.exidx.text.timer_break_config) refers to gd32f4xx_timer.o(.text.timer_break_config) for [Anonymous Symbol]
    gd32f4xx_timer.o(.ARM.exidx.text.timer_break_enable) refers to gd32f4xx_timer.o(.text.timer_break_enable) for [Anonymous Symbol]
    gd32f4xx_timer.o(.ARM.exidx.text.timer_break_disable) refers to gd32f4xx_timer.o(.text.timer_break_disable) for [Anonymous Symbol]
    gd32f4xx_timer.o(.ARM.exidx.text.timer_automatic_output_enable) refers to gd32f4xx_timer.o(.text.timer_automatic_output_enable) for [Anonymous Symbol]
    gd32f4xx_timer.o(.ARM.exidx.text.timer_automatic_output_disable) refers to gd32f4xx_timer.o(.text.timer_automatic_output_disable) for [Anonymous Symbol]
    gd32f4xx_timer.o(.ARM.exidx.text.timer_primary_output_config) refers to gd32f4xx_timer.o(.text.timer_primary_output_config) for [Anonymous Symbol]
    gd32f4xx_timer.o(.ARM.exidx.text.timer_channel_control_shadow_config) refers to gd32f4xx_timer.o(.text.timer_channel_control_shadow_config) for [Anonymous Symbol]
    gd32f4xx_timer.o(.ARM.exidx.text.timer_channel_control_shadow_update_config) refers to gd32f4xx_timer.o(.text.timer_channel_control_shadow_update_config) for [Anonymous Symbol]
    gd32f4xx_timer.o(.ARM.exidx.text.timer_channel_output_struct_para_init) refers to gd32f4xx_timer.o(.text.timer_channel_output_struct_para_init) for [Anonymous Symbol]
    gd32f4xx_timer.o(.ARM.exidx.text.timer_channel_output_config) refers to gd32f4xx_timer.o(.text.timer_channel_output_config) for [Anonymous Symbol]
    gd32f4xx_timer.o(.ARM.exidx.text.timer_channel_output_mode_config) refers to gd32f4xx_timer.o(.text.timer_channel_output_mode_config) for [Anonymous Symbol]
    gd32f4xx_timer.o(.ARM.exidx.text.timer_channel_output_pulse_value_config) refers to gd32f4xx_timer.o(.text.timer_channel_output_pulse_value_config) for [Anonymous Symbol]
    gd32f4xx_timer.o(.ARM.exidx.text.timer_channel_output_shadow_config) refers to gd32f4xx_timer.o(.text.timer_channel_output_shadow_config) for [Anonymous Symbol]
    gd32f4xx_timer.o(.ARM.exidx.text.timer_channel_output_fast_config) refers to gd32f4xx_timer.o(.text.timer_channel_output_fast_config) for [Anonymous Symbol]
    gd32f4xx_timer.o(.ARM.exidx.text.timer_channel_output_clear_config) refers to gd32f4xx_timer.o(.text.timer_channel_output_clear_config) for [Anonymous Symbol]
    gd32f4xx_timer.o(.ARM.exidx.text.timer_channel_output_polarity_config) refers to gd32f4xx_timer.o(.text.timer_channel_output_polarity_config) for [Anonymous Symbol]
    gd32f4xx_timer.o(.ARM.exidx.text.timer_channel_complementary_output_polarity_config) refers to gd32f4xx_timer.o(.text.timer_channel_complementary_output_polarity_config) for [Anonymous Symbol]
    gd32f4xx_timer.o(.ARM.exidx.text.timer_channel_output_state_config) refers to gd32f4xx_timer.o(.text.timer_channel_output_state_config) for [Anonymous Symbol]
    gd32f4xx_timer.o(.ARM.exidx.text.timer_channel_complementary_output_state_config) refers to gd32f4xx_timer.o(.text.timer_channel_complementary_output_state_config) for [Anonymous Symbol]
    gd32f4xx_timer.o(.ARM.exidx.text.timer_channel_input_struct_para_init) refers to gd32f4xx_timer.o(.text.timer_channel_input_struct_para_init) for [Anonymous Symbol]
    gd32f4xx_timer.o(.ARM.exidx.text.timer_input_capture_config) refers to gd32f4xx_timer.o(.text.timer_input_capture_config) for [Anonymous Symbol]
    gd32f4xx_timer.o(.ARM.exidx.text.timer_channel_input_capture_prescaler_config) refers to gd32f4xx_timer.o(.text.timer_channel_input_capture_prescaler_config) for [Anonymous Symbol]
    gd32f4xx_timer.o(.ARM.exidx.text.timer_channel_capture_value_register_read) refers to gd32f4xx_timer.o(.text.timer_channel_capture_value_register_read) for [Anonymous Symbol]
    gd32f4xx_timer.o(.ARM.exidx.text.timer_input_pwm_capture_config) refers to gd32f4xx_timer.o(.text.timer_input_pwm_capture_config) for [Anonymous Symbol]
    gd32f4xx_timer.o(.ARM.exidx.text.timer_hall_mode_config) refers to gd32f4xx_timer.o(.text.timer_hall_mode_config) for [Anonymous Symbol]
    gd32f4xx_timer.o(.ARM.exidx.text.timer_input_trigger_source_select) refers to gd32f4xx_timer.o(.text.timer_input_trigger_source_select) for [Anonymous Symbol]
    gd32f4xx_timer.o(.ARM.exidx.text.timer_master_output_trigger_source_select) refers to gd32f4xx_timer.o(.text.timer_master_output_trigger_source_select) for [Anonymous Symbol]
    gd32f4xx_timer.o(.ARM.exidx.text.timer_slave_mode_select) refers to gd32f4xx_timer.o(.text.timer_slave_mode_select) for [Anonymous Symbol]
    gd32f4xx_timer.o(.ARM.exidx.text.timer_master_slave_mode_config) refers to gd32f4xx_timer.o(.text.timer_master_slave_mode_config) for [Anonymous Symbol]
    gd32f4xx_timer.o(.ARM.exidx.text.timer_external_trigger_config) refers to gd32f4xx_timer.o(.text.timer_external_trigger_config) for [Anonymous Symbol]
    gd32f4xx_timer.o(.ARM.exidx.text.timer_quadrature_decoder_mode_config) refers to gd32f4xx_timer.o(.text.timer_quadrature_decoder_mode_config) for [Anonymous Symbol]
    gd32f4xx_timer.o(.ARM.exidx.text.timer_internal_clock_config) refers to gd32f4xx_timer.o(.text.timer_internal_clock_config) for [Anonymous Symbol]
    gd32f4xx_timer.o(.ARM.exidx.text.timer_internal_trigger_as_external_clock_config) refers to gd32f4xx_timer.o(.text.timer_internal_trigger_as_external_clock_config) for [Anonymous Symbol]
    gd32f4xx_timer.o(.ARM.exidx.text.timer_external_trigger_as_external_clock_config) refers to gd32f4xx_timer.o(.text.timer_external_trigger_as_external_clock_config) for [Anonymous Symbol]
    gd32f4xx_timer.o(.ARM.exidx.text.timer_external_clock_mode0_config) refers to gd32f4xx_timer.o(.text.timer_external_clock_mode0_config) for [Anonymous Symbol]
    gd32f4xx_timer.o(.ARM.exidx.text.timer_external_clock_mode1_config) refers to gd32f4xx_timer.o(.text.timer_external_clock_mode1_config) for [Anonymous Symbol]
    gd32f4xx_timer.o(.ARM.exidx.text.timer_external_clock_mode1_disable) refers to gd32f4xx_timer.o(.text.timer_external_clock_mode1_disable) for [Anonymous Symbol]
    gd32f4xx_timer.o(.ARM.exidx.text.timer_channel_remap_config) refers to gd32f4xx_timer.o(.text.timer_channel_remap_config) for [Anonymous Symbol]
    gd32f4xx_timer.o(.ARM.exidx.text.timer_write_chxval_register_config) refers to gd32f4xx_timer.o(.text.timer_write_chxval_register_config) for [Anonymous Symbol]
    gd32f4xx_timer.o(.ARM.exidx.text.timer_output_value_selection_config) refers to gd32f4xx_timer.o(.text.timer_output_value_selection_config) for [Anonymous Symbol]
    gd32f4xx_timer.o(.ARM.exidx.text.timer_flag_get) refers to gd32f4xx_timer.o(.text.timer_flag_get) for [Anonymous Symbol]
    gd32f4xx_timer.o(.ARM.exidx.text.timer_flag_clear) refers to gd32f4xx_timer.o(.text.timer_flag_clear) for [Anonymous Symbol]
    gd32f4xx_timer.o(.ARM.exidx.text.timer_interrupt_enable) refers to gd32f4xx_timer.o(.text.timer_interrupt_enable) for [Anonymous Symbol]
    gd32f4xx_timer.o(.ARM.exidx.text.timer_interrupt_disable) refers to gd32f4xx_timer.o(.text.timer_interrupt_disable) for [Anonymous Symbol]
    gd32f4xx_timer.o(.ARM.exidx.text.timer_interrupt_flag_get) refers to gd32f4xx_timer.o(.text.timer_interrupt_flag_get) for [Anonymous Symbol]
    gd32f4xx_timer.o(.ARM.exidx.text.timer_interrupt_flag_clear) refers to gd32f4xx_timer.o(.text.timer_interrupt_flag_clear) for [Anonymous Symbol]
    system_gd32f4xx.o(.ARM.exidx.text.SystemInit) refers to system_gd32f4xx.o(.text.SystemInit) for [Anonymous Symbol]
    system_gd32f4xx.o(.text.SystemCoreClockUpdate) refers to system_gd32f4xx.o(.data.SystemCoreClock) for SystemCoreClock
    system_gd32f4xx.o(.ARM.exidx.text.SystemCoreClockUpdate) refers to system_gd32f4xx.o(.text.SystemCoreClockUpdate) for [Anonymous Symbol]
    startup_gd32f407_427.o(RESET) refers to startup_gd32f407_427.o(STACK) for __initial_sp
    startup_gd32f407_427.o(RESET) refers to startup_gd32f407_427.o(.text) for Reset_Handler
    startup_gd32f407_427.o(RESET) refers to gd32f4xx_it.o(.text.NMI_Handler) for NMI_Handler
    startup_gd32f407_427.o(RESET) refers to gd32f4xx_it.o(.text.HardFault_Handler) for HardFault_Handler
    startup_gd32f407_427.o(RESET) refers to gd32f4xx_it.o(.text.MemManage_Handler) for MemManage_Handler
    startup_gd32f407_427.o(RESET) refers to gd32f4xx_it.o(.text.BusFault_Handler) for BusFault_Handler
    startup_gd32f407_427.o(RESET) refers to gd32f4xx_it.o(.text.UsageFault_Handler) for UsageFault_Handler
    startup_gd32f407_427.o(RESET) refers to gd32f4xx_it.o(.text.SVC_Handler) for SVC_Handler
    startup_gd32f407_427.o(RESET) refers to gd32f4xx_it.o(.text.DebugMon_Handler) for DebugMon_Handler
    startup_gd32f407_427.o(RESET) refers to gd32f4xx_it.o(.text.PendSV_Handler) for PendSV_Handler
    startup_gd32f407_427.o(RESET) refers to gd32f4xx_it.o(.text.SysTick_Handler) for SysTick_Handler
    startup_gd32f407_427.o(.text) refers to system_gd32f4xx.o(.text.SystemInit) for SystemInit
    startup_gd32f407_427.o(.text) refers to entry.o(.ARM.Collect$$$$00000000) for __main
    entry.o(.ARM.Collect$$$$00000000) refers (Special) to entry10a.o(.ARM.Collect$$$$0000000D) for __rt_final_cpp
    entry.o(.ARM.Collect$$$$00000000) refers (Special) to entry11a.o(.ARM.Collect$$$$0000000F) for __rt_final_exit
    entry.o(.ARM.Collect$$$$00000000) refers (Special) to entry7b.o(.ARM.Collect$$$$00000008) for _main_clock
    entry.o(.ARM.Collect$$$$00000000) refers (Special) to entry8b.o(.ARM.Collect$$$$0000000A) for _main_cpp_init
    entry.o(.ARM.Collect$$$$00000000) refers (Special) to entry9a.o(.ARM.Collect$$$$0000000B) for _main_init
    entry.o(.ARM.Collect$$$$00000000) refers (Special) to entry5.o(.ARM.Collect$$$$00000004) for _main_scatterload
    entry.o(.ARM.Collect$$$$00000000) refers (Special) to entry2.o(.ARM.Collect$$$$00000001) for _main_stk
    entry2.o(.ARM.Collect$$$$00000001) refers to entry2.o(.ARM.Collect$$$$00002712) for __lit__00000000
    entry2.o(.ARM.Collect$$$$00002712) refers to startup_gd32f407_427.o(STACK) for __initial_sp
    entry2.o(__vectab_stack_and_reset_area) refers to startup_gd32f407_427.o(STACK) for __initial_sp
    entry2.o(__vectab_stack_and_reset_area) refers to entry.o(.ARM.Collect$$$$00000000) for __main
    entry5.o(.ARM.Collect$$$$00000004) refers to init.o(.text) for __scatterload
    entry9a.o(.ARM.Collect$$$$0000000B) refers to main.o(.text.main) for main
    entry9b.o(.ARM.Collect$$$$0000000C) refers to main.o(.text.main) for main
    init.o(.text) refers to entry5.o(.ARM.Collect$$$$00000004) for __main_after_scatterload


==============================================================================

Removing Unused input sections from the image.

    Removing gd32f4xx_it.o(.text), (0 bytes).
    Removing gd32f4xx_it.o(.ARM.exidx.text.NMI_Handler), (8 bytes).
    Removing gd32f4xx_it.o(.ARM.exidx.text.HardFault_Handler), (8 bytes).
    Removing gd32f4xx_it.o(.ARM.exidx.text.MemManage_Handler), (8 bytes).
    Removing gd32f4xx_it.o(.ARM.exidx.text.BusFault_Handler), (8 bytes).
    Removing gd32f4xx_it.o(.ARM.exidx.text.UsageFault_Handler), (8 bytes).
    Removing gd32f4xx_it.o(.ARM.exidx.text.SVC_Handler), (8 bytes).
    Removing gd32f4xx_it.o(.ARM.exidx.text.DebugMon_Handler), (8 bytes).
    Removing gd32f4xx_it.o(.ARM.exidx.text.PendSV_Handler), (8 bytes).
    Removing gd32f4xx_it.o(.ARM.exidx.text.SysTick_Handler), (8 bytes).
    Removing main.o(.text), (0 bytes).
    Removing main.o(.text.LED_GPIO_config), (46 bytes).
    Removing main.o(.ARM.exidx.text.LED_GPIO_config), (8 bytes).
    Removing main.o(.text.Monter_GPIO_config), (50 bytes).
    Removing main.o(.ARM.exidx.text.Monter_GPIO_config), (8 bytes).
    Removing main.o(.text.KEY_GPIO_config), (70 bytes).
    Removing main.o(.ARM.exidx.text.KEY_GPIO_config), (8 bytes).
    Removing main.o(.ARM.exidx.text.BUZZER_PWM_config), (8 bytes).
    Removing main.o(.ARM.exidx.text.main), (8 bytes).
    Removing main.o(.ARM.use_no_argv), (4 bytes).
    Removing systick.o(.text), (0 bytes).
    Removing systick.o(.ARM.exidx.text.systick_config), (8 bytes).
    Removing systick.o(.text.delay_1ms), (24 bytes).
    Removing systick.o(.ARM.exidx.text.delay_1ms), (8 bytes).
    Removing systick.o(.text.delay_1us), (20 bytes).
    Removing systick.o(.ARM.exidx.text.delay_1us), (8 bytes).
    Removing systick.o(.ARM.exidx.text.delay_decrement), (8 bytes).
    Removing gd32f4xx_rcu.o(.text), (0 bytes).
    Removing gd32f4xx_rcu.o(.text.rcu_deinit), (154 bytes).
    Removing gd32f4xx_rcu.o(.ARM.exidx.text.rcu_deinit), (8 bytes).
    Removing gd32f4xx_rcu.o(.text.rcu_osci_stab_wait), (452 bytes).
    Removing gd32f4xx_rcu.o(.ARM.exidx.text.rcu_osci_stab_wait), (8 bytes).
    Removing gd32f4xx_rcu.o(.ARM.exidx.text.rcu_periph_clock_enable), (8 bytes).
    Removing gd32f4xx_rcu.o(.text.rcu_periph_clock_disable), (32 bytes).
    Removing gd32f4xx_rcu.o(.ARM.exidx.text.rcu_periph_clock_disable), (8 bytes).
    Removing gd32f4xx_rcu.o(.text.rcu_periph_clock_sleep_enable), (30 bytes).
    Removing gd32f4xx_rcu.o(.ARM.exidx.text.rcu_periph_clock_sleep_enable), (8 bytes).
    Removing gd32f4xx_rcu.o(.text.rcu_periph_clock_sleep_disable), (32 bytes).
    Removing gd32f4xx_rcu.o(.ARM.exidx.text.rcu_periph_clock_sleep_disable), (8 bytes).
    Removing gd32f4xx_rcu.o(.text.rcu_periph_reset_enable), (30 bytes).
    Removing gd32f4xx_rcu.o(.ARM.exidx.text.rcu_periph_reset_enable), (8 bytes).
    Removing gd32f4xx_rcu.o(.text.rcu_periph_reset_disable), (32 bytes).
    Removing gd32f4xx_rcu.o(.ARM.exidx.text.rcu_periph_reset_disable), (8 bytes).
    Removing gd32f4xx_rcu.o(.text.rcu_bkp_reset_enable), (18 bytes).
    Removing gd32f4xx_rcu.o(.ARM.exidx.text.rcu_bkp_reset_enable), (8 bytes).
    Removing gd32f4xx_rcu.o(.text.rcu_bkp_reset_disable), (18 bytes).
    Removing gd32f4xx_rcu.o(.ARM.exidx.text.rcu_bkp_reset_disable), (8 bytes).
    Removing gd32f4xx_rcu.o(.text.rcu_system_clock_source_config), (20 bytes).
    Removing gd32f4xx_rcu.o(.ARM.exidx.text.rcu_system_clock_source_config), (8 bytes).
    Removing gd32f4xx_rcu.o(.text.rcu_system_clock_source_get), (16 bytes).
    Removing gd32f4xx_rcu.o(.ARM.exidx.text.rcu_system_clock_source_get), (8 bytes).
    Removing gd32f4xx_rcu.o(.text.rcu_ahb_clock_config), (20 bytes).
    Removing gd32f4xx_rcu.o(.ARM.exidx.text.rcu_ahb_clock_config), (8 bytes).
    Removing gd32f4xx_rcu.o(.text.rcu_apb1_clock_config), (20 bytes).
    Removing gd32f4xx_rcu.o(.ARM.exidx.text.rcu_apb1_clock_config), (8 bytes).
    Removing gd32f4xx_rcu.o(.text.rcu_apb2_clock_config), (20 bytes).
    Removing gd32f4xx_rcu.o(.ARM.exidx.text.rcu_apb2_clock_config), (8 bytes).
    Removing gd32f4xx_rcu.o(.text.rcu_ckout0_config), (22 bytes).
    Removing gd32f4xx_rcu.o(.ARM.exidx.text.rcu_ckout0_config), (8 bytes).
    Removing gd32f4xx_rcu.o(.text.rcu_ckout1_config), (22 bytes).
    Removing gd32f4xx_rcu.o(.ARM.exidx.text.rcu_ckout1_config), (8 bytes).
    Removing gd32f4xx_rcu.o(.text.rcu_pll_config), (142 bytes).
    Removing gd32f4xx_rcu.o(.ARM.exidx.text.rcu_pll_config), (8 bytes).
    Removing gd32f4xx_rcu.o(.text.rcu_plli2s_config), (42 bytes).
    Removing gd32f4xx_rcu.o(.ARM.exidx.text.rcu_plli2s_config), (8 bytes).
    Removing gd32f4xx_rcu.o(.text.rcu_pllsai_config), (114 bytes).
    Removing gd32f4xx_rcu.o(.ARM.exidx.text.rcu_pllsai_config), (8 bytes).
    Removing gd32f4xx_rcu.o(.text.rcu_rtc_clock_config), (20 bytes).
    Removing gd32f4xx_rcu.o(.ARM.exidx.text.rcu_rtc_clock_config), (8 bytes).
    Removing gd32f4xx_rcu.o(.text.rcu_rtc_div_config), (20 bytes).
    Removing gd32f4xx_rcu.o(.ARM.exidx.text.rcu_rtc_div_config), (8 bytes).
    Removing gd32f4xx_rcu.o(.text.rcu_i2s_clock_config), (20 bytes).
    Removing gd32f4xx_rcu.o(.ARM.exidx.text.rcu_i2s_clock_config), (8 bytes).
    Removing gd32f4xx_rcu.o(.text.rcu_ck48m_clock_config), (20 bytes).
    Removing gd32f4xx_rcu.o(.ARM.exidx.text.rcu_ck48m_clock_config), (8 bytes).
    Removing gd32f4xx_rcu.o(.text.rcu_pll48m_clock_config), (20 bytes).
    Removing gd32f4xx_rcu.o(.ARM.exidx.text.rcu_pll48m_clock_config), (8 bytes).
    Removing gd32f4xx_rcu.o(.text.rcu_timer_clock_prescaler_config), (34 bytes).
    Removing gd32f4xx_rcu.o(.ARM.exidx.text.rcu_timer_clock_prescaler_config), (8 bytes).
    Removing gd32f4xx_rcu.o(.text.rcu_tli_clock_div_config), (20 bytes).
    Removing gd32f4xx_rcu.o(.ARM.exidx.text.rcu_tli_clock_div_config), (8 bytes).
    Removing gd32f4xx_rcu.o(.text.rcu_lxtal_drive_capability_config), (20 bytes).
    Removing gd32f4xx_rcu.o(.ARM.exidx.text.rcu_lxtal_drive_capability_config), (8 bytes).
    Removing gd32f4xx_rcu.o(.text.rcu_flag_get), (26 bytes).
    Removing gd32f4xx_rcu.o(.ARM.exidx.text.rcu_flag_get), (8 bytes).
    Removing gd32f4xx_rcu.o(.text.rcu_osci_on), (30 bytes).
    Removing gd32f4xx_rcu.o(.ARM.exidx.text.rcu_osci_on), (8 bytes).
    Removing gd32f4xx_rcu.o(.text.rcu_osci_off), (32 bytes).
    Removing gd32f4xx_rcu.o(.ARM.exidx.text.rcu_osci_off), (8 bytes).
    Removing gd32f4xx_rcu.o(.text.rcu_osci_bypass_mode_enable), (64 bytes).
    Removing gd32f4xx_rcu.o(.ARM.exidx.text.rcu_osci_bypass_mode_enable), (8 bytes).
    Removing gd32f4xx_rcu.o(.text.rcu_osci_bypass_mode_disable), (64 bytes).
    Removing gd32f4xx_rcu.o(.ARM.exidx.text.rcu_osci_bypass_mode_disable), (8 bytes).
    Removing gd32f4xx_rcu.o(.text.rcu_irc16m_adjust_value_set), (18 bytes).
    Removing gd32f4xx_rcu.o(.ARM.exidx.text.rcu_irc16m_adjust_value_set), (8 bytes).
    Removing gd32f4xx_rcu.o(.text.rcu_spread_spectrum_config), (30 bytes).
    Removing gd32f4xx_rcu.o(.ARM.exidx.text.rcu_spread_spectrum_config), (8 bytes).
    Removing gd32f4xx_rcu.o(.text.rcu_spread_spectrum_enable), (18 bytes).
    Removing gd32f4xx_rcu.o(.ARM.exidx.text.rcu_spread_spectrum_enable), (8 bytes).
    Removing gd32f4xx_rcu.o(.text.rcu_spread_spectrum_disable), (18 bytes).
    Removing gd32f4xx_rcu.o(.ARM.exidx.text.rcu_spread_spectrum_disable), (8 bytes).
    Removing gd32f4xx_rcu.o(.text.rcu_hxtal_clock_monitor_enable), (18 bytes).
    Removing gd32f4xx_rcu.o(.ARM.exidx.text.rcu_hxtal_clock_monitor_enable), (8 bytes).
    Removing gd32f4xx_rcu.o(.text.rcu_hxtal_clock_monitor_disable), (18 bytes).
    Removing gd32f4xx_rcu.o(.ARM.exidx.text.rcu_hxtal_clock_monitor_disable), (8 bytes).
    Removing gd32f4xx_rcu.o(.text.rcu_voltage_key_unlock), (20 bytes).
    Removing gd32f4xx_rcu.o(.ARM.exidx.text.rcu_voltage_key_unlock), (8 bytes).
    Removing gd32f4xx_rcu.o(.text.rcu_deepsleep_voltage_set), (16 bytes).
    Removing gd32f4xx_rcu.o(.ARM.exidx.text.rcu_deepsleep_voltage_set), (8 bytes).
    Removing gd32f4xx_rcu.o(.text.rcu_clock_freq_get), (188 bytes).
    Removing gd32f4xx_rcu.o(.ARM.exidx.text.rcu_clock_freq_get), (8 bytes).
    Removing gd32f4xx_rcu.o(.text.rcu_all_reset_flag_clear), (18 bytes).
    Removing gd32f4xx_rcu.o(.ARM.exidx.text.rcu_all_reset_flag_clear), (8 bytes).
    Removing gd32f4xx_rcu.o(.text.rcu_interrupt_flag_get), (26 bytes).
    Removing gd32f4xx_rcu.o(.ARM.exidx.text.rcu_interrupt_flag_get), (8 bytes).
    Removing gd32f4xx_rcu.o(.text.rcu_interrupt_flag_clear), (30 bytes).
    Removing gd32f4xx_rcu.o(.ARM.exidx.text.rcu_interrupt_flag_clear), (8 bytes).
    Removing gd32f4xx_rcu.o(.text.rcu_interrupt_enable), (30 bytes).
    Removing gd32f4xx_rcu.o(.ARM.exidx.text.rcu_interrupt_enable), (8 bytes).
    Removing gd32f4xx_rcu.o(.text.rcu_interrupt_disable), (32 bytes).
    Removing gd32f4xx_rcu.o(.ARM.exidx.text.rcu_interrupt_disable), (8 bytes).
    Removing gd32f4xx_rcu.o(.rodata.cst8), (8 bytes).
    Removing gd32f4xx_gpio.o(.text), (0 bytes).
    Removing gd32f4xx_gpio.o(.text.gpio_deinit), (44 bytes).
    Removing gd32f4xx_gpio.o(.ARM.exidx.text.gpio_deinit), (8 bytes).
    Removing gd32f4xx_gpio.o(.ARM.exidx.text.gpio_mode_set), (8 bytes).
    Removing gd32f4xx_gpio.o(.ARM.exidx.text.gpio_output_options_set), (8 bytes).
    Removing gd32f4xx_gpio.o(.ARM.exidx.text.gpio_bit_set), (8 bytes).
    Removing gd32f4xx_gpio.o(.ARM.exidx.text.gpio_bit_reset), (8 bytes).
    Removing gd32f4xx_gpio.o(.text.gpio_bit_write), (12 bytes).
    Removing gd32f4xx_gpio.o(.ARM.exidx.text.gpio_bit_write), (8 bytes).
    Removing gd32f4xx_gpio.o(.text.gpio_port_write), (4 bytes).
    Removing gd32f4xx_gpio.o(.ARM.exidx.text.gpio_port_write), (8 bytes).
    Removing gd32f4xx_gpio.o(.ARM.exidx.text.gpio_input_bit_get), (8 bytes).
    Removing gd32f4xx_gpio.o(.text.gpio_input_port_get), (6 bytes).
    Removing gd32f4xx_gpio.o(.ARM.exidx.text.gpio_input_port_get), (8 bytes).
    Removing gd32f4xx_gpio.o(.text.gpio_output_bit_get), (10 bytes).
    Removing gd32f4xx_gpio.o(.ARM.exidx.text.gpio_output_bit_get), (8 bytes).
    Removing gd32f4xx_gpio.o(.text.gpio_output_port_get), (6 bytes).
    Removing gd32f4xx_gpio.o(.ARM.exidx.text.gpio_output_port_get), (8 bytes).
    Removing gd32f4xx_gpio.o(.ARM.exidx.text.gpio_af_set), (8 bytes).
    Removing gd32f4xx_gpio.o(.text.gpio_pin_lock), (16 bytes).
    Removing gd32f4xx_gpio.o(.ARM.exidx.text.gpio_pin_lock), (8 bytes).
    Removing gd32f4xx_gpio.o(.text.gpio_bit_toggle), (4 bytes).
    Removing gd32f4xx_gpio.o(.ARM.exidx.text.gpio_bit_toggle), (8 bytes).
    Removing gd32f4xx_gpio.o(.text.gpio_port_toggle), (8 bytes).
    Removing gd32f4xx_gpio.o(.ARM.exidx.text.gpio_port_toggle), (8 bytes).
    Removing gd32f4xx_misc.o(.text), (0 bytes).
    Removing gd32f4xx_misc.o(.text.nvic_priority_group_set), (20 bytes).
    Removing gd32f4xx_misc.o(.ARM.exidx.text.nvic_priority_group_set), (8 bytes).
    Removing gd32f4xx_misc.o(.text.nvic_irq_enable), (164 bytes).
    Removing gd32f4xx_misc.o(.ARM.exidx.text.nvic_irq_enable), (8 bytes).
    Removing gd32f4xx_misc.o(.text.nvic_irq_disable), (28 bytes).
    Removing gd32f4xx_misc.o(.ARM.exidx.text.nvic_irq_disable), (8 bytes).
    Removing gd32f4xx_misc.o(.text.nvic_vector_table_set), (28 bytes).
    Removing gd32f4xx_misc.o(.ARM.exidx.text.nvic_vector_table_set), (8 bytes).
    Removing gd32f4xx_misc.o(.text.system_lowpower_set), (16 bytes).
    Removing gd32f4xx_misc.o(.ARM.exidx.text.system_lowpower_set), (8 bytes).
    Removing gd32f4xx_misc.o(.text.system_lowpower_reset), (18 bytes).
    Removing gd32f4xx_misc.o(.ARM.exidx.text.system_lowpower_reset), (8 bytes).
    Removing gd32f4xx_misc.o(.text.systick_clksource_set), (24 bytes).
    Removing gd32f4xx_misc.o(.ARM.exidx.text.systick_clksource_set), (8 bytes).
    Removing gd32f4xx_timer.o(.text), (0 bytes).
    Removing gd32f4xx_timer.o(.text.timer_deinit), (326 bytes).
    Removing gd32f4xx_timer.o(.ARM.exidx.text.timer_deinit), (8 bytes).
    Removing gd32f4xx_timer.o(.ARM.exidx.text.timer_struct_para_init), (8 bytes).
    Removing gd32f4xx_timer.o(.ARM.exidx.text.timer_init), (8 bytes).
    Removing gd32f4xx_timer.o(.ARM.exidx.text.timer_enable), (8 bytes).
    Removing gd32f4xx_timer.o(.text.timer_disable), (10 bytes).
    Removing gd32f4xx_timer.o(.ARM.exidx.text.timer_disable), (8 bytes).
    Removing gd32f4xx_timer.o(.ARM.exidx.text.timer_auto_reload_shadow_enable), (8 bytes).
    Removing gd32f4xx_timer.o(.text.timer_auto_reload_shadow_disable), (10 bytes).
    Removing gd32f4xx_timer.o(.ARM.exidx.text.timer_auto_reload_shadow_disable), (8 bytes).
    Removing gd32f4xx_timer.o(.text.timer_update_event_enable), (10 bytes).
    Removing gd32f4xx_timer.o(.ARM.exidx.text.timer_update_event_enable), (8 bytes).
    Removing gd32f4xx_timer.o(.text.timer_update_event_disable), (10 bytes).
    Removing gd32f4xx_timer.o(.ARM.exidx.text.timer_update_event_disable), (8 bytes).
    Removing gd32f4xx_timer.o(.text.timer_counter_alignment), (16 bytes).
    Removing gd32f4xx_timer.o(.ARM.exidx.text.timer_counter_alignment), (8 bytes).
    Removing gd32f4xx_timer.o(.text.timer_counter_up_direction), (10 bytes).
    Removing gd32f4xx_timer.o(.ARM.exidx.text.timer_counter_up_direction), (8 bytes).
    Removing gd32f4xx_timer.o(.text.timer_counter_down_direction), (10 bytes).
    Removing gd32f4xx_timer.o(.ARM.exidx.text.timer_counter_down_direction), (8 bytes).
    Removing gd32f4xx_timer.o(.text.timer_prescaler_config), (18 bytes).
    Removing gd32f4xx_timer.o(.ARM.exidx.text.timer_prescaler_config), (8 bytes).
    Removing gd32f4xx_timer.o(.text.timer_repetition_value_config), (4 bytes).
    Removing gd32f4xx_timer.o(.ARM.exidx.text.timer_repetition_value_config), (8 bytes).
    Removing gd32f4xx_timer.o(.ARM.exidx.text.timer_autoreload_value_config), (8 bytes).
    Removing gd32f4xx_timer.o(.text.timer_counter_value_config), (4 bytes).
    Removing gd32f4xx_timer.o(.ARM.exidx.text.timer_counter_value_config), (8 bytes).
    Removing gd32f4xx_timer.o(.text.timer_counter_read), (4 bytes).
    Removing gd32f4xx_timer.o(.ARM.exidx.text.timer_counter_read), (8 bytes).
    Removing gd32f4xx_timer.o(.text.timer_prescaler_read), (6 bytes).
    Removing gd32f4xx_timer.o(.ARM.exidx.text.timer_prescaler_read), (8 bytes).
    Removing gd32f4xx_timer.o(.text.timer_single_pulse_mode_config), (30 bytes).
    Removing gd32f4xx_timer.o(.ARM.exidx.text.timer_single_pulse_mode_config), (8 bytes).
    Removing gd32f4xx_timer.o(.text.timer_update_source_config), (30 bytes).
    Removing gd32f4xx_timer.o(.ARM.exidx.text.timer_update_source_config), (8 bytes).
    Removing gd32f4xx_timer.o(.text.timer_dma_enable), (8 bytes).
    Removing gd32f4xx_timer.o(.ARM.exidx.text.timer_dma_enable), (8 bytes).
    Removing gd32f4xx_timer.o(.text.timer_dma_disable), (10 bytes).
    Removing gd32f4xx_timer.o(.ARM.exidx.text.timer_dma_disable), (8 bytes).
    Removing gd32f4xx_timer.o(.text.timer_channel_dma_request_source_select), (30 bytes).
    Removing gd32f4xx_timer.o(.ARM.exidx.text.timer_channel_dma_request_source_select), (8 bytes).
    Removing gd32f4xx_timer.o(.text.timer_dma_transfer_config), (24 bytes).
    Removing gd32f4xx_timer.o(.ARM.exidx.text.timer_dma_transfer_config), (8 bytes).
    Removing gd32f4xx_timer.o(.text.timer_event_software_generate), (8 bytes).
    Removing gd32f4xx_timer.o(.ARM.exidx.text.timer_event_software_generate), (8 bytes).
    Removing gd32f4xx_timer.o(.text.timer_break_struct_para_init), (12 bytes).
    Removing gd32f4xx_timer.o(.ARM.exidx.text.timer_break_struct_para_init), (8 bytes).
    Removing gd32f4xx_timer.o(.text.timer_break_config), (38 bytes).
    Removing gd32f4xx_timer.o(.ARM.exidx.text.timer_break_config), (8 bytes).
    Removing gd32f4xx_timer.o(.text.timer_break_enable), (10 bytes).
    Removing gd32f4xx_timer.o(.ARM.exidx.text.timer_break_enable), (8 bytes).
    Removing gd32f4xx_timer.o(.text.timer_break_disable), (10 bytes).
    Removing gd32f4xx_timer.o(.ARM.exidx.text.timer_break_disable), (8 bytes).
    Removing gd32f4xx_timer.o(.text.timer_automatic_output_enable), (10 bytes).
    Removing gd32f4xx_timer.o(.ARM.exidx.text.timer_automatic_output_enable), (8 bytes).
    Removing gd32f4xx_timer.o(.text.timer_automatic_output_disable), (10 bytes).
    Removing gd32f4xx_timer.o(.ARM.exidx.text.timer_automatic_output_disable), (8 bytes).
    Removing gd32f4xx_timer.o(.text.timer_primary_output_config), (18 bytes).
    Removing gd32f4xx_timer.o(.ARM.exidx.text.timer_primary_output_config), (8 bytes).
    Removing gd32f4xx_timer.o(.text.timer_channel_control_shadow_config), (16 bytes).
    Removing gd32f4xx_timer.o(.ARM.exidx.text.timer_channel_control_shadow_config), (8 bytes).
    Removing gd32f4xx_timer.o(.text.timer_channel_control_shadow_update_config), (30 bytes).
    Removing gd32f4xx_timer.o(.ARM.exidx.text.timer_channel_control_shadow_update_config), (8 bytes).
    Removing gd32f4xx_timer.o(.ARM.exidx.text.timer_channel_output_struct_para_init), (8 bytes).
    Removing gd32f4xx_timer.o(.ARM.exidx.text.timer_channel_output_config), (8 bytes).
    Removing gd32f4xx_timer.o(.ARM.exidx.text.timer_channel_output_mode_config), (8 bytes).
    Removing gd32f4xx_timer.o(.ARM.exidx.text.timer_channel_output_pulse_value_config), (8 bytes).
    Removing gd32f4xx_timer.o(.ARM.exidx.text.timer_channel_output_shadow_config), (8 bytes).
    Removing gd32f4xx_timer.o(.text.timer_channel_output_fast_config), (56 bytes).
    Removing gd32f4xx_timer.o(.ARM.exidx.text.timer_channel_output_fast_config), (8 bytes).
    Removing gd32f4xx_timer.o(.text.timer_channel_output_clear_config), (56 bytes).
    Removing gd32f4xx_timer.o(.ARM.exidx.text.timer_channel_output_clear_config), (8 bytes).
    Removing gd32f4xx_timer.o(.text.timer_channel_output_polarity_config), (68 bytes).
    Removing gd32f4xx_timer.o(.ARM.exidx.text.timer_channel_output_polarity_config), (8 bytes).
    Removing gd32f4xx_timer.o(.text.timer_channel_complementary_output_polarity_config), (56 bytes).
    Removing gd32f4xx_timer.o(.ARM.exidx.text.timer_channel_complementary_output_polarity_config), (8 bytes).
    Removing gd32f4xx_timer.o(.text.timer_channel_output_state_config), (68 bytes).
    Removing gd32f4xx_timer.o(.ARM.exidx.text.timer_channel_output_state_config), (8 bytes).
    Removing gd32f4xx_timer.o(.text.timer_channel_complementary_output_state_config), (56 bytes).
    Removing gd32f4xx_timer.o(.ARM.exidx.text.timer_channel_complementary_output_state_config), (8 bytes).
    Removing gd32f4xx_timer.o(.text.timer_channel_input_struct_para_init), (12 bytes).
    Removing gd32f4xx_timer.o(.ARM.exidx.text.timer_channel_input_struct_para_init), (8 bytes).
    Removing gd32f4xx_timer.o(.text.timer_input_capture_config), (344 bytes).
    Removing gd32f4xx_timer.o(.ARM.exidx.text.timer_input_capture_config), (8 bytes).
    Removing gd32f4xx_timer.o(.text.timer_channel_input_capture_prescaler_config), (56 bytes).
    Removing gd32f4xx_timer.o(.ARM.exidx.text.timer_channel_input_capture_prescaler_config), (8 bytes).
    Removing gd32f4xx_timer.o(.text.timer_channel_capture_value_register_read), (14 bytes).
    Removing gd32f4xx_timer.o(.ARM.exidx.text.timer_channel_capture_value_register_read), (8 bytes).
    Removing gd32f4xx_timer.o(.text.timer_input_pwm_capture_config), (354 bytes).
    Removing gd32f4xx_timer.o(.ARM.exidx.text.timer_input_pwm_capture_config), (8 bytes).
    Removing gd32f4xx_timer.o(.text.timer_hall_mode_config), (30 bytes).
    Removing gd32f4xx_timer.o(.ARM.exidx.text.timer_hall_mode_config), (8 bytes).
    Removing gd32f4xx_timer.o(.text.timer_input_trigger_source_select), (16 bytes).
    Removing gd32f4xx_timer.o(.ARM.exidx.text.timer_input_trigger_source_select), (8 bytes).
    Removing gd32f4xx_timer.o(.text.timer_master_output_trigger_source_select), (16 bytes).
    Removing gd32f4xx_timer.o(.ARM.exidx.text.timer_master_output_trigger_source_select), (8 bytes).
    Removing gd32f4xx_timer.o(.text.timer_slave_mode_select), (16 bytes).
    Removing gd32f4xx_timer.o(.ARM.exidx.text.timer_slave_mode_select), (8 bytes).
    Removing gd32f4xx_timer.o(.text.timer_master_slave_mode_config), (30 bytes).
    Removing gd32f4xx_timer.o(.ARM.exidx.text.timer_master_slave_mode_config), (8 bytes).
    Removing gd32f4xx_timer.o(.text.timer_external_trigger_config), (34 bytes).
    Removing gd32f4xx_timer.o(.ARM.exidx.text.timer_external_trigger_config), (8 bytes).
    Removing gd32f4xx_timer.o(.text.timer_quadrature_decoder_mode_config), (78 bytes).
    Removing gd32f4xx_timer.o(.ARM.exidx.text.timer_quadrature_decoder_mode_config), (8 bytes).
    Removing gd32f4xx_timer.o(.text.timer_internal_clock_config), (10 bytes).
    Removing gd32f4xx_timer.o(.ARM.exidx.text.timer_internal_clock_config), (8 bytes).
    Removing gd32f4xx_timer.o(.text.timer_internal_trigger_as_external_clock_config), (32 bytes).
    Removing gd32f4xx_timer.o(.ARM.exidx.text.timer_internal_trigger_as_external_clock_config), (8 bytes).
    Removing gd32f4xx_timer.o(.text.timer_external_trigger_as_external_clock_config), (148 bytes).
    Removing gd32f4xx_timer.o(.ARM.exidx.text.timer_external_trigger_as_external_clock_config), (8 bytes).
    Removing gd32f4xx_timer.o(.text.timer_external_clock_mode0_config), (50 bytes).
    Removing gd32f4xx_timer.o(.ARM.exidx.text.timer_external_clock_mode0_config), (8 bytes).
    Removing gd32f4xx_timer.o(.text.timer_external_clock_mode1_config), (42 bytes).
    Removing gd32f4xx_timer.o(.ARM.exidx.text.timer_external_clock_mode1_config), (8 bytes).
    Removing gd32f4xx_timer.o(.text.timer_external_clock_mode1_disable), (10 bytes).
    Removing gd32f4xx_timer.o(.ARM.exidx.text.timer_external_clock_mode1_disable), (8 bytes).
    Removing gd32f4xx_timer.o(.text.timer_channel_remap_config), (4 bytes).
    Removing gd32f4xx_timer.o(.ARM.exidx.text.timer_channel_remap_config), (8 bytes).
    Removing gd32f4xx_timer.o(.text.timer_write_chxval_register_config), (36 bytes).
    Removing gd32f4xx_timer.o(.ARM.exidx.text.timer_write_chxval_register_config), (8 bytes).
    Removing gd32f4xx_timer.o(.text.timer_output_value_selection_config), (36 bytes).
    Removing gd32f4xx_timer.o(.ARM.exidx.text.timer_output_value_selection_config), (8 bytes).
    Removing gd32f4xx_timer.o(.text.timer_flag_get), (10 bytes).
    Removing gd32f4xx_timer.o(.ARM.exidx.text.timer_flag_get), (8 bytes).
    Removing gd32f4xx_timer.o(.text.timer_flag_clear), (6 bytes).
    Removing gd32f4xx_timer.o(.ARM.exidx.text.timer_flag_clear), (8 bytes).
    Removing gd32f4xx_timer.o(.text.timer_interrupt_enable), (8 bytes).
    Removing gd32f4xx_timer.o(.ARM.exidx.text.timer_interrupt_enable), (8 bytes).
    Removing gd32f4xx_timer.o(.text.timer_interrupt_disable), (10 bytes).
    Removing gd32f4xx_timer.o(.ARM.exidx.text.timer_interrupt_disable), (8 bytes).
    Removing gd32f4xx_timer.o(.text.timer_interrupt_flag_get), (22 bytes).
    Removing gd32f4xx_timer.o(.ARM.exidx.text.timer_interrupt_flag_get), (8 bytes).
    Removing gd32f4xx_timer.o(.text.timer_interrupt_flag_clear), (6 bytes).
    Removing gd32f4xx_timer.o(.ARM.exidx.text.timer_interrupt_flag_clear), (8 bytes).
    Removing system_gd32f4xx.o(.text), (0 bytes).
    Removing system_gd32f4xx.o(.ARM.exidx.text.SystemInit), (8 bytes).
    Removing system_gd32f4xx.o(.text.SystemCoreClockUpdate), (140 bytes).
    Removing system_gd32f4xx.o(.ARM.exidx.text.SystemCoreClockUpdate), (8 bytes).
    Removing startup_gd32f407_427.o(HEAP), (1024 bytes).

302 unused section(s) (total 7710 bytes) removed from the image.

==============================================================================

Image Symbol Table

    Local Symbols

    Symbol Name                              Value     Ov Type        Size  Object(Section)

    ../Firmware/CMSIS/GD/GD32F4xx/Source/ARM/startup_gd32f407_427.s 0x00000000   Number         0  startup_gd32f407_427.o ABSOLUTE
    ../clib/microlib/init/entry.s            0x00000000   Number         0  entry.o ABSOLUTE
    ../clib/microlib/init/entry.s            0x00000000   Number         0  entry2.o ABSOLUTE
    ../clib/microlib/init/entry.s            0x00000000   Number         0  entry5.o ABSOLUTE
    ../clib/microlib/init/entry.s            0x00000000   Number         0  entry7a.o ABSOLUTE
    ../clib/microlib/init/entry.s            0x00000000   Number         0  entry7b.o ABSOLUTE
    ../clib/microlib/init/entry.s            0x00000000   Number         0  entry8a.o ABSOLUTE
    ../clib/microlib/init/entry.s            0x00000000   Number         0  entry8b.o ABSOLUTE
    ../clib/microlib/init/entry.s            0x00000000   Number         0  entry9a.o ABSOLUTE
    ../clib/microlib/init/entry.s            0x00000000   Number         0  entry9b.o ABSOLUTE
    ../clib/microlib/init/entry.s            0x00000000   Number         0  entry10a.o ABSOLUTE
    ../clib/microlib/init/entry.s            0x00000000   Number         0  entry10b.o ABSOLUTE
    ../clib/microlib/init/entry.s            0x00000000   Number         0  entry11a.o ABSOLUTE
    ../clib/microlib/init/entry.s            0x00000000   Number         0  entry11b.o ABSOLUTE
    dc.s                                     0x00000000   Number         0  dc.o ABSOLUTE
    gd32f4xx_gpio.c                          0x00000000   Number         0  gd32f4xx_gpio.o ABSOLUTE
    gd32f4xx_it.c                            0x00000000   Number         0  gd32f4xx_it.o ABSOLUTE
    gd32f4xx_misc.c                          0x00000000   Number         0  gd32f4xx_misc.o ABSOLUTE
    gd32f4xx_rcu.c                           0x00000000   Number         0  gd32f4xx_rcu.o ABSOLUTE
    gd32f4xx_timer.c                         0x00000000   Number         0  gd32f4xx_timer.o ABSOLUTE
    handlers.s                               0x00000000   Number         0  handlers.o ABSOLUTE
    init.s                                   0x00000000   Number         0  init.o ABSOLUTE
    main.c                                   0x00000000   Number         0  main.o ABSOLUTE
    system_gd32f4xx.c                        0x00000000   Number         0  system_gd32f4xx.o ABSOLUTE
    systick.c                                0x00000000   Number         0  systick.o ABSOLUTE
    RESET                                    0x08000000   Section      392  startup_gd32f407_427.o(RESET)
    .ARM.Collect$$$$00000000                 0x08000188   Section        0  entry.o(.ARM.Collect$$$$00000000)
    .ARM.Collect$$$$00000001                 0x08000188   Section        4  entry2.o(.ARM.Collect$$$$00000001)
    .ARM.Collect$$$$00000004                 0x0800018c   Section        4  entry5.o(.ARM.Collect$$$$00000004)
    .ARM.Collect$$$$00000008                 0x08000190   Section        0  entry7b.o(.ARM.Collect$$$$00000008)
    .ARM.Collect$$$$0000000A                 0x08000190   Section        0  entry8b.o(.ARM.Collect$$$$0000000A)
    .ARM.Collect$$$$0000000B                 0x08000190   Section        8  entry9a.o(.ARM.Collect$$$$0000000B)
    __lit__00000000                          0x08000198   Data           4  entry2.o(.ARM.Collect$$$$00002712)
    .ARM.Collect$$$$0000000D                 0x08000198   Section        0  entry10a.o(.ARM.Collect$$$$0000000D)
    .ARM.Collect$$$$0000000F                 0x08000198   Section        0  entry11a.o(.ARM.Collect$$$$0000000F)
    .ARM.Collect$$$$00002712                 0x08000198   Section        4  entry2.o(.ARM.Collect$$$$00002712)
    $v0                                      0x0800019c   Number         0  startup_gd32f407_427.o(.text)
    .text                                    0x0800019c   Section       36  startup_gd32f407_427.o(.text)
    .text                                    0x080001c0   Section       48  init.o(.text)
    [Anonymous Symbol]                       0x080001f0   Section        0  main.o(.text.BUZZER_PWM_config)
    [Anonymous Symbol]                       0x080002c0   Section        0  gd32f4xx_it.o(.text.BusFault_Handler)
    [Anonymous Symbol]                       0x080002c4   Section        0  gd32f4xx_it.o(.text.DebugMon_Handler)
    [Anonymous Symbol]                       0x080002c8   Section        0  gd32f4xx_it.o(.text.HardFault_Handler)
    [Anonymous Symbol]                       0x080002cc   Section        0  gd32f4xx_it.o(.text.MemManage_Handler)
    [Anonymous Symbol]                       0x080002d0   Section        0  gd32f4xx_it.o(.text.NMI_Handler)
    [Anonymous Symbol]                       0x080002d4   Section        0  gd32f4xx_it.o(.text.PendSV_Handler)
    [Anonymous Symbol]                       0x080002d8   Section        0  gd32f4xx_it.o(.text.SVC_Handler)
    [Anonymous Symbol]                       0x080002dc   Section        0  gd32f4xx_it.o(.text.SysTick_Handler)
    [Anonymous Symbol]                       0x080002e0   Section        0  system_gd32f4xx.o(.text.SystemInit)
    [Anonymous Symbol]                       0x08000438   Section        0  gd32f4xx_it.o(.text.UsageFault_Handler)
    [Anonymous Symbol]                       0x0800043c   Section        0  systick.o(.text.delay_decrement)
    [Anonymous Symbol]                       0x08000454   Section        0  gd32f4xx_gpio.o(.text.gpio_af_set)
    [Anonymous Symbol]                       0x080004c4   Section        0  gd32f4xx_gpio.o(.text.gpio_bit_reset)
    [Anonymous Symbol]                       0x080004c8   Section        0  gd32f4xx_gpio.o(.text.gpio_bit_set)
    [Anonymous Symbol]                       0x080004cc   Section        0  gd32f4xx_gpio.o(.text.gpio_input_bit_get)
    [Anonymous Symbol]                       0x080004d8   Section        0  gd32f4xx_gpio.o(.text.gpio_mode_set)
    [Anonymous Symbol]                       0x0800052c   Section        0  gd32f4xx_gpio.o(.text.gpio_output_options_set)
    [Anonymous Symbol]                       0x08000574   Section        0  main.o(.text.main)
    [Anonymous Symbol]                       0x08000748   Section        0  gd32f4xx_rcu.o(.text.rcu_periph_clock_enable)
    [Anonymous Symbol]                       0x08000768   Section        0  systick.o(.text.systick_config)
    [Anonymous Symbol]                       0x080007b4   Section        0  gd32f4xx_timer.o(.text.timer_auto_reload_shadow_enable)
    [Anonymous Symbol]                       0x080007c0   Section        0  gd32f4xx_timer.o(.text.timer_autoreload_value_config)
    [Anonymous Symbol]                       0x080007c4   Section        0  gd32f4xx_timer.o(.text.timer_channel_output_config)
    [Anonymous Symbol]                       0x080009b8   Section        0  gd32f4xx_timer.o(.text.timer_channel_output_mode_config)
    [Anonymous Symbol]                       0x080009f0   Section        0  gd32f4xx_timer.o(.text.timer_channel_output_pulse_value_config)
    [Anonymous Symbol]                       0x080009fc   Section        0  gd32f4xx_timer.o(.text.timer_channel_output_shadow_config)
    [Anonymous Symbol]                       0x08000a34   Section        0  gd32f4xx_timer.o(.text.timer_channel_output_struct_para_init)
    [Anonymous Symbol]                       0x08000a40   Section        0  gd32f4xx_timer.o(.text.timer_enable)
    [Anonymous Symbol]                       0x08000a4c   Section        0  gd32f4xx_timer.o(.text.timer_init)
    [Anonymous Symbol]                       0x08000af8   Section        0  gd32f4xx_timer.o(.text.timer_struct_para_init)
    i.__scatterload_copy                     0x08000b08   Section       14  handlers.o(i.__scatterload_copy)
    i.__scatterload_null                     0x08000b16   Section        2  handlers.o(i.__scatterload_null)
    i.__scatterload_zeroinit                 0x08000b18   Section       14  handlers.o(i.__scatterload_zeroinit)
    delay                                    0x20000008   Data           4  systick.o(.bss.delay)
    [Anonymous Symbol]                       0x20000008   Section        0  systick.o(.bss.delay)
    STACK                                    0x20000010   Section     1024  startup_gd32f407_427.o(STACK)

    Global Symbols

    Symbol Name                              Value     Ov Type        Size  Object(Section)

    BuildAttributes$$THM_ISAv4$E$P$D$K$B$S$7EM$VFPi3$EXTD16$VFPS$VFMA$PE$A:L22UL41UL21$X:L11$S22US41US21$IEEE1$IW$~IW$USESV6$~STKCKD$USESV7$~SHL$OTIME$EBA8$MICROLIB$REQ8$PRES8$EABIv2 0x00000000   Number         0  anon$$obj.o ABSOLUTE
    __cpp_initialize__aeabi_                  - Undefined Weak Reference
    __cxa_finalize                            - Undefined Weak Reference
    __decompress                              - Undefined Weak Reference
    _clock_init                               - Undefined Weak Reference
    _microlib_exit                            - Undefined Weak Reference
    __Vectors_Size                           0x00000188   Number         0  startup_gd32f407_427.o ABSOLUTE
    __Vectors                                0x08000000   Data           4  startup_gd32f407_427.o(RESET)
    __Vectors_End                            0x08000188   Data           0  startup_gd32f407_427.o(RESET)
    __main                                   0x08000189   Thumb Code     0  entry.o(.ARM.Collect$$$$00000000)
    _main_stk                                0x08000189   Thumb Code     0  entry2.o(.ARM.Collect$$$$00000001)
    _main_scatterload                        0x0800018d   Thumb Code     0  entry5.o(.ARM.Collect$$$$00000004)
    __main_after_scatterload                 0x08000191   Thumb Code     0  entry5.o(.ARM.Collect$$$$00000004)
    _main_clock                              0x08000191   Thumb Code     0  entry7b.o(.ARM.Collect$$$$00000008)
    _main_cpp_init                           0x08000191   Thumb Code     0  entry8b.o(.ARM.Collect$$$$0000000A)
    _main_init                               0x08000191   Thumb Code     0  entry9a.o(.ARM.Collect$$$$0000000B)
    __rt_final_cpp                           0x08000199   Thumb Code     0  entry10a.o(.ARM.Collect$$$$0000000D)
    __rt_final_exit                          0x08000199   Thumb Code     0  entry11a.o(.ARM.Collect$$$$0000000F)
    Reset_Handler                            0x0800019d   Thumb Code     8  startup_gd32f407_427.o(.text)
    ADC_IRQHandler                           0x080001b7   Thumb Code     0  startup_gd32f407_427.o(.text)
    CAN0_EWMC_IRQHandler                     0x080001b7   Thumb Code     0  startup_gd32f407_427.o(.text)
    CAN0_RX0_IRQHandler                      0x080001b7   Thumb Code     0  startup_gd32f407_427.o(.text)
    CAN0_RX1_IRQHandler                      0x080001b7   Thumb Code     0  startup_gd32f407_427.o(.text)
    CAN0_TX_IRQHandler                       0x080001b7   Thumb Code     0  startup_gd32f407_427.o(.text)
    CAN1_EWMC_IRQHandler                     0x080001b7   Thumb Code     0  startup_gd32f407_427.o(.text)
    CAN1_RX0_IRQHandler                      0x080001b7   Thumb Code     0  startup_gd32f407_427.o(.text)
    CAN1_RX1_IRQHandler                      0x080001b7   Thumb Code     0  startup_gd32f407_427.o(.text)
    CAN1_TX_IRQHandler                       0x080001b7   Thumb Code     0  startup_gd32f407_427.o(.text)
    DCI_IRQHandler                           0x080001b7   Thumb Code     0  startup_gd32f407_427.o(.text)
    DMA0_Channel0_IRQHandler                 0x080001b7   Thumb Code     0  startup_gd32f407_427.o(.text)
    DMA0_Channel1_IRQHandler                 0x080001b7   Thumb Code     0  startup_gd32f407_427.o(.text)
    DMA0_Channel2_IRQHandler                 0x080001b7   Thumb Code     0  startup_gd32f407_427.o(.text)
    DMA0_Channel3_IRQHandler                 0x080001b7   Thumb Code     0  startup_gd32f407_427.o(.text)
    DMA0_Channel4_IRQHandler                 0x080001b7   Thumb Code     0  startup_gd32f407_427.o(.text)
    DMA0_Channel5_IRQHandler                 0x080001b7   Thumb Code     0  startup_gd32f407_427.o(.text)
    DMA0_Channel6_IRQHandler                 0x080001b7   Thumb Code     0  startup_gd32f407_427.o(.text)
    DMA0_Channel7_IRQHandler                 0x080001b7   Thumb Code     0  startup_gd32f407_427.o(.text)
    DMA1_Channel0_IRQHandler                 0x080001b7   Thumb Code     0  startup_gd32f407_427.o(.text)
    DMA1_Channel1_IRQHandler                 0x080001b7   Thumb Code     0  startup_gd32f407_427.o(.text)
    DMA1_Channel2_IRQHandler                 0x080001b7   Thumb Code     0  startup_gd32f407_427.o(.text)
    DMA1_Channel3_IRQHandler                 0x080001b7   Thumb Code     0  startup_gd32f407_427.o(.text)
    DMA1_Channel4_IRQHandler                 0x080001b7   Thumb Code     0  startup_gd32f407_427.o(.text)
    DMA1_Channel5_IRQHandler                 0x080001b7   Thumb Code     0  startup_gd32f407_427.o(.text)
    DMA1_Channel6_IRQHandler                 0x080001b7   Thumb Code     0  startup_gd32f407_427.o(.text)
    DMA1_Channel7_IRQHandler                 0x080001b7   Thumb Code     0  startup_gd32f407_427.o(.text)
    ENET_IRQHandler                          0x080001b7   Thumb Code     0  startup_gd32f407_427.o(.text)
    ENET_WKUP_IRQHandler                     0x080001b7   Thumb Code     0  startup_gd32f407_427.o(.text)
    EXMC_IRQHandler                          0x080001b7   Thumb Code     0  startup_gd32f407_427.o(.text)
    EXTI0_IRQHandler                         0x080001b7   Thumb Code     0  startup_gd32f407_427.o(.text)
    EXTI10_15_IRQHandler                     0x080001b7   Thumb Code     0  startup_gd32f407_427.o(.text)
    EXTI1_IRQHandler                         0x080001b7   Thumb Code     0  startup_gd32f407_427.o(.text)
    EXTI2_IRQHandler                         0x080001b7   Thumb Code     0  startup_gd32f407_427.o(.text)
    EXTI3_IRQHandler                         0x080001b7   Thumb Code     0  startup_gd32f407_427.o(.text)
    EXTI4_IRQHandler                         0x080001b7   Thumb Code     0  startup_gd32f407_427.o(.text)
    EXTI5_9_IRQHandler                       0x080001b7   Thumb Code     0  startup_gd32f407_427.o(.text)
    FMC_IRQHandler                           0x080001b7   Thumb Code     0  startup_gd32f407_427.o(.text)
    FPU_IRQHandler                           0x080001b7   Thumb Code     0  startup_gd32f407_427.o(.text)
    I2C0_ER_IRQHandler                       0x080001b7   Thumb Code     0  startup_gd32f407_427.o(.text)
    I2C0_EV_IRQHandler                       0x080001b7   Thumb Code     0  startup_gd32f407_427.o(.text)
    I2C1_ER_IRQHandler                       0x080001b7   Thumb Code     0  startup_gd32f407_427.o(.text)
    I2C1_EV_IRQHandler                       0x080001b7   Thumb Code     0  startup_gd32f407_427.o(.text)
    I2C2_ER_IRQHandler                       0x080001b7   Thumb Code     0  startup_gd32f407_427.o(.text)
    I2C2_EV_IRQHandler                       0x080001b7   Thumb Code     0  startup_gd32f407_427.o(.text)
    LVD_IRQHandler                           0x080001b7   Thumb Code     0  startup_gd32f407_427.o(.text)
    RCU_CTC_IRQHandler                       0x080001b7   Thumb Code     0  startup_gd32f407_427.o(.text)
    RTC_Alarm_IRQHandler                     0x080001b7   Thumb Code     0  startup_gd32f407_427.o(.text)
    RTC_WKUP_IRQHandler                      0x080001b7   Thumb Code     0  startup_gd32f407_427.o(.text)
    SDIO_IRQHandler                          0x080001b7   Thumb Code     0  startup_gd32f407_427.o(.text)
    SPI0_IRQHandler                          0x080001b7   Thumb Code     0  startup_gd32f407_427.o(.text)
    SPI1_IRQHandler                          0x080001b7   Thumb Code     0  startup_gd32f407_427.o(.text)
    SPI2_IRQHandler                          0x080001b7   Thumb Code     0  startup_gd32f407_427.o(.text)
    TAMPER_STAMP_IRQHandler                  0x080001b7   Thumb Code     0  startup_gd32f407_427.o(.text)
    TIMER0_BRK_TIMER8_IRQHandler             0x080001b7   Thumb Code     0  startup_gd32f407_427.o(.text)
    TIMER0_Channel_IRQHandler                0x080001b7   Thumb Code     0  startup_gd32f407_427.o(.text)
    TIMER0_TRG_CMT_TIMER10_IRQHandler        0x080001b7   Thumb Code     0  startup_gd32f407_427.o(.text)
    TIMER0_UP_TIMER9_IRQHandler              0x080001b7   Thumb Code     0  startup_gd32f407_427.o(.text)
    TIMER1_IRQHandler                        0x080001b7   Thumb Code     0  startup_gd32f407_427.o(.text)
    TIMER2_IRQHandler                        0x080001b7   Thumb Code     0  startup_gd32f407_427.o(.text)
    TIMER3_IRQHandler                        0x080001b7   Thumb Code     0  startup_gd32f407_427.o(.text)
    TIMER4_IRQHandler                        0x080001b7   Thumb Code     0  startup_gd32f407_427.o(.text)
    TIMER5_DAC_IRQHandler                    0x080001b7   Thumb Code     0  startup_gd32f407_427.o(.text)
    TIMER6_IRQHandler                        0x080001b7   Thumb Code     0  startup_gd32f407_427.o(.text)
    TIMER7_BRK_TIMER11_IRQHandler            0x080001b7   Thumb Code     0  startup_gd32f407_427.o(.text)
    TIMER7_Channel_IRQHandler                0x080001b7   Thumb Code     0  startup_gd32f407_427.o(.text)
    TIMER7_TRG_CMT_TIMER13_IRQHandler        0x080001b7   Thumb Code     0  startup_gd32f407_427.o(.text)
    TIMER7_UP_TIMER12_IRQHandler             0x080001b7   Thumb Code     0  startup_gd32f407_427.o(.text)
    TRNG_IRQHandler                          0x080001b7   Thumb Code     0  startup_gd32f407_427.o(.text)
    UART3_IRQHandler                         0x080001b7   Thumb Code     0  startup_gd32f407_427.o(.text)
    UART4_IRQHandler                         0x080001b7   Thumb Code     0  startup_gd32f407_427.o(.text)
    USART0_IRQHandler                        0x080001b7   Thumb Code     0  startup_gd32f407_427.o(.text)
    USART1_IRQHandler                        0x080001b7   Thumb Code     0  startup_gd32f407_427.o(.text)
    USART2_IRQHandler                        0x080001b7   Thumb Code     0  startup_gd32f407_427.o(.text)
    USART5_IRQHandler                        0x080001b7   Thumb Code     0  startup_gd32f407_427.o(.text)
    USBFS_IRQHandler                         0x080001b7   Thumb Code     0  startup_gd32f407_427.o(.text)
    USBFS_WKUP_IRQHandler                    0x080001b7   Thumb Code     0  startup_gd32f407_427.o(.text)
    USBHS_EP1_In_IRQHandler                  0x080001b7   Thumb Code     0  startup_gd32f407_427.o(.text)
    USBHS_EP1_Out_IRQHandler                 0x080001b7   Thumb Code     0  startup_gd32f407_427.o(.text)
    USBHS_IRQHandler                         0x080001b7   Thumb Code     0  startup_gd32f407_427.o(.text)
    USBHS_WKUP_IRQHandler                    0x080001b7   Thumb Code     0  startup_gd32f407_427.o(.text)
    WWDGT_IRQHandler                         0x080001b7   Thumb Code     0  startup_gd32f407_427.o(.text)
    __scatterload                            0x080001c1   Thumb Code    38  init.o(.text)
    __scatterload_rt2                        0x080001c1   Thumb Code     0  init.o(.text)
    BUZZER_PWM_config                        0x080001f1   Thumb Code   206  main.o(.text.BUZZER_PWM_config)
    BusFault_Handler                         0x080002c1   Thumb Code     2  gd32f4xx_it.o(.text.BusFault_Handler)
    DebugMon_Handler                         0x080002c5   Thumb Code     2  gd32f4xx_it.o(.text.DebugMon_Handler)
    HardFault_Handler                        0x080002c9   Thumb Code     2  gd32f4xx_it.o(.text.HardFault_Handler)
    MemManage_Handler                        0x080002cd   Thumb Code     2  gd32f4xx_it.o(.text.MemManage_Handler)
    NMI_Handler                              0x080002d1   Thumb Code     2  gd32f4xx_it.o(.text.NMI_Handler)
    PendSV_Handler                           0x080002d5   Thumb Code     2  gd32f4xx_it.o(.text.PendSV_Handler)
    SVC_Handler                              0x080002d9   Thumb Code     2  gd32f4xx_it.o(.text.SVC_Handler)
    SysTick_Handler                          0x080002dd   Thumb Code     4  gd32f4xx_it.o(.text.SysTick_Handler)
    SystemInit                               0x080002e1   Thumb Code   342  system_gd32f4xx.o(.text.SystemInit)
    UsageFault_Handler                       0x08000439   Thumb Code     2  gd32f4xx_it.o(.text.UsageFault_Handler)
    delay_decrement                          0x0800043d   Thumb Code    24  systick.o(.text.delay_decrement)
    gpio_af_set                              0x08000455   Thumb Code   110  gd32f4xx_gpio.o(.text.gpio_af_set)
    gpio_bit_reset                           0x080004c5   Thumb Code     4  gd32f4xx_gpio.o(.text.gpio_bit_reset)
    gpio_bit_set                             0x080004c9   Thumb Code     4  gd32f4xx_gpio.o(.text.gpio_bit_set)
    gpio_input_bit_get                       0x080004cd   Thumb Code    10  gd32f4xx_gpio.o(.text.gpio_input_bit_get)
    gpio_mode_set                            0x080004d9   Thumb Code    84  gd32f4xx_gpio.o(.text.gpio_mode_set)
    gpio_output_options_set                  0x0800052d   Thumb Code    70  gd32f4xx_gpio.o(.text.gpio_output_options_set)
    main                                     0x08000575   Thumb Code   466  main.o(.text.main)
    rcu_periph_clock_enable                  0x08000749   Thumb Code    30  gd32f4xx_rcu.o(.text.rcu_periph_clock_enable)
    systick_config                           0x08000769   Thumb Code    74  systick.o(.text.systick_config)
    timer_auto_reload_shadow_enable          0x080007b5   Thumb Code    10  gd32f4xx_timer.o(.text.timer_auto_reload_shadow_enable)
    timer_autoreload_value_config            0x080007c1   Thumb Code     4  gd32f4xx_timer.o(.text.timer_autoreload_value_config)
    timer_channel_output_config              0x080007c5   Thumb Code   500  gd32f4xx_timer.o(.text.timer_channel_output_config)
    timer_channel_output_mode_config         0x080009b9   Thumb Code    56  gd32f4xx_timer.o(.text.timer_channel_output_mode_config)
    timer_channel_output_pulse_value_config  0x080009f1   Thumb Code    12  gd32f4xx_timer.o(.text.timer_channel_output_pulse_value_config)
    timer_channel_output_shadow_config       0x080009fd   Thumb Code    56  gd32f4xx_timer.o(.text.timer_channel_output_shadow_config)
    timer_channel_output_struct_para_init    0x08000a35   Thumb Code    10  gd32f4xx_timer.o(.text.timer_channel_output_struct_para_init)
    timer_enable                             0x08000a41   Thumb Code    10  gd32f4xx_timer.o(.text.timer_enable)
    timer_init                               0x08000a4d   Thumb Code   170  gd32f4xx_timer.o(.text.timer_init)
    timer_struct_para_init                   0x08000af9   Thumb Code    16  gd32f4xx_timer.o(.text.timer_struct_para_init)
    __scatterload_copy                       0x08000b09   Thumb Code    14  handlers.o(i.__scatterload_copy)
    __scatterload_null                       0x08000b17   Thumb Code     2  handlers.o(i.__scatterload_null)
    __scatterload_zeroinit                   0x08000b19   Thumb Code    14  handlers.o(i.__scatterload_zeroinit)
    Region$$Table$$Base                      0x08000b28   Number         0  anon$$obj.o(Region$$Table)
    Region$$Table$$Limit                     0x08000b48   Number         0  anon$$obj.o(Region$$Table)
    SystemCoreClock                          0x20000000   Data           4  system_gd32f4xx.o(.data.SystemCoreClock)
    buzzer_period                            0x20000004   Data           2  main.o(.data.buzzer_period)
    __initial_sp                             0x20000410   Data           0  startup_gd32f407_427.o(STACK)



==============================================================================

Memory Map of the image

  Image Entry point : 0x08000189

  Load Region LR_IROM1 (Base: 0x08000000, Size: 0x00000b50, Max: 0x00080000, ABSOLUTE)

    Execution Region ER_IROM1 (Exec base: 0x08000000, Load base: 0x08000000, Size: 0x00000b48, Max: 0x00080000, ABSOLUTE)

    Exec Addr    Load Addr    Size         Type   Attr      Idx    E Section Name        Object

    0x08000000   0x08000000   0x00000188   Data   RO          393    RESET               startup_gd32f407_427.o
    0x08000188   0x08000188   0x00000000   Code   RO          400  * .ARM.Collect$$$$00000000  mc_w.l(entry.o)
    0x08000188   0x08000188   0x00000004   Code   RO          403    .ARM.Collect$$$$00000001  mc_w.l(entry2.o)
    0x0800018c   0x0800018c   0x00000004   Code   RO          406    .ARM.Collect$$$$00000004  mc_w.l(entry5.o)
    0x08000190   0x08000190   0x00000000   Code   RO          408    .ARM.Collect$$$$00000008  mc_w.l(entry7b.o)
    0x08000190   0x08000190   0x00000000   Code   RO          410    .ARM.Collect$$$$0000000A  mc_w.l(entry8b.o)
    0x08000190   0x08000190   0x00000008   Code   RO          411    .ARM.Collect$$$$0000000B  mc_w.l(entry9a.o)
    0x08000198   0x08000198   0x00000000   Code   RO          413    .ARM.Collect$$$$0000000D  mc_w.l(entry10a.o)
    0x08000198   0x08000198   0x00000000   Code   RO          415    .ARM.Collect$$$$0000000F  mc_w.l(entry11a.o)
    0x08000198   0x08000198   0x00000004   Code   RO          404    .ARM.Collect$$$$00002712  mc_w.l(entry2.o)
    0x0800019c   0x0800019c   0x00000024   Code   RO          394    .text               startup_gd32f407_427.o
    0x080001c0   0x080001c0   0x00000030   Code   RO          417    .text               mc_w.l(init.o)
    0x080001f0   0x080001f0   0x000000ce   Code   RO           33    .text.BUZZER_PWM_config  main.o
    0x080002be   0x080002be   0x00000002   PAD
    0x080002c0   0x080002c0   0x00000002   Code   RO            8    .text.BusFault_Handler  gd32f4xx_it.o
    0x080002c2   0x080002c2   0x00000002   PAD
    0x080002c4   0x080002c4   0x00000002   Code   RO           14    .text.DebugMon_Handler  gd32f4xx_it.o
    0x080002c6   0x080002c6   0x00000002   PAD
    0x080002c8   0x080002c8   0x00000002   Code   RO            4    .text.HardFault_Handler  gd32f4xx_it.o
    0x080002ca   0x080002ca   0x00000002   PAD
    0x080002cc   0x080002cc   0x00000002   Code   RO            6    .text.MemManage_Handler  gd32f4xx_it.o
    0x080002ce   0x080002ce   0x00000002   PAD
    0x080002d0   0x080002d0   0x00000002   Code   RO            2    .text.NMI_Handler   gd32f4xx_it.o
    0x080002d2   0x080002d2   0x00000002   PAD
    0x080002d4   0x080002d4   0x00000002   Code   RO           16    .text.PendSV_Handler  gd32f4xx_it.o
    0x080002d6   0x080002d6   0x00000002   PAD
    0x080002d8   0x080002d8   0x00000002   Code   RO           12    .text.SVC_Handler   gd32f4xx_it.o
    0x080002da   0x080002da   0x00000002   PAD
    0x080002dc   0x080002dc   0x00000004   Code   RO           18    .text.SysTick_Handler  gd32f4xx_it.o
    0x080002e0   0x080002e0   0x00000156   Code   RO          379    .text.SystemInit    system_gd32f4xx.o
    0x08000436   0x08000436   0x00000002   PAD
    0x08000438   0x08000438   0x00000002   Code   RO           10    .text.UsageFault_Handler  gd32f4xx_it.o
    0x0800043a   0x0800043a   0x00000002   PAD
    0x0800043c   0x0800043c   0x00000018   Code   RO           53    .text.delay_decrement  systick.o
    0x08000454   0x08000454   0x0000006e   Code   RO          189    .text.gpio_af_set   gd32f4xx_gpio.o
    0x080004c2   0x080004c2   0x00000002   PAD
    0x080004c4   0x080004c4   0x00000004   Code   RO          175    .text.gpio_bit_reset  gd32f4xx_gpio.o
    0x080004c8   0x080004c8   0x00000004   Code   RO          173    .text.gpio_bit_set  gd32f4xx_gpio.o
    0x080004cc   0x080004cc   0x0000000a   Code   RO          181    .text.gpio_input_bit_get  gd32f4xx_gpio.o
    0x080004d6   0x080004d6   0x00000002   PAD
    0x080004d8   0x080004d8   0x00000054   Code   RO          169    .text.gpio_mode_set  gd32f4xx_gpio.o
    0x0800052c   0x0800052c   0x00000046   Code   RO          171    .text.gpio_output_options_set  gd32f4xx_gpio.o
    0x08000572   0x08000572   0x00000002   PAD
    0x08000574   0x08000574   0x000001d2   Code   RO           35    .text.main          main.o
    0x08000746   0x08000746   0x00000002   PAD
    0x08000748   0x08000748   0x0000001e   Code   RO           68    .text.rcu_periph_clock_enable  gd32f4xx_rcu.o
    0x08000766   0x08000766   0x00000002   PAD
    0x08000768   0x08000768   0x0000004a   Code   RO           47    .text.systick_config  systick.o
    0x080007b2   0x080007b2   0x00000002   PAD
    0x080007b4   0x080007b4   0x0000000a   Code   RO          237    .text.timer_auto_reload_shadow_enable  gd32f4xx_timer.o
    0x080007be   0x080007be   0x00000002   PAD
    0x080007c0   0x080007c0   0x00000004   Code   RO          255    .text.timer_autoreload_value_config  gd32f4xx_timer.o
    0x080007c4   0x080007c4   0x000001f4   Code   RO          297    .text.timer_channel_output_config  gd32f4xx_timer.o
    0x080009b8   0x080009b8   0x00000038   Code   RO          299    .text.timer_channel_output_mode_config  gd32f4xx_timer.o
    0x080009f0   0x080009f0   0x0000000c   Code   RO          301    .text.timer_channel_output_pulse_value_config  gd32f4xx_timer.o
    0x080009fc   0x080009fc   0x00000038   Code   RO          303    .text.timer_channel_output_shadow_config  gd32f4xx_timer.o
    0x08000a34   0x08000a34   0x0000000a   Code   RO          295    .text.timer_channel_output_struct_para_init  gd32f4xx_timer.o
    0x08000a3e   0x08000a3e   0x00000002   PAD
    0x08000a40   0x08000a40   0x0000000a   Code   RO          233    .text.timer_enable  gd32f4xx_timer.o
    0x08000a4a   0x08000a4a   0x00000002   PAD
    0x08000a4c   0x08000a4c   0x000000aa   Code   RO          231    .text.timer_init    gd32f4xx_timer.o
    0x08000af6   0x08000af6   0x00000002   PAD
    0x08000af8   0x08000af8   0x00000010   Code   RO          229    .text.timer_struct_para_init  gd32f4xx_timer.o
    0x08000b08   0x08000b08   0x0000000e   Code   RO          421    i.__scatterload_copy  mc_w.l(handlers.o)
    0x08000b16   0x08000b16   0x00000002   Code   RO          422    i.__scatterload_null  mc_w.l(handlers.o)
    0x08000b18   0x08000b18   0x0000000e   Code   RO          423    i.__scatterload_zeroinit  mc_w.l(handlers.o)
    0x08000b26   0x08000b26   0x00000002   PAD
    0x08000b28   0x08000b28   0x00000020   Data   RO          420    Region$$Table       anon$$obj.o


    Execution Region RW_IRAM1 (Exec base: 0x20000000, Load base: 0x08000b48, Size: 0x00000410, Max: 0x00020000, ABSOLUTE)

    Exec Addr    Load Addr    Size         Type   Attr      Idx    E Section Name        Object

    0x20000000   0x08000b48   0x00000004   Data   RW          383    .data.SystemCoreClock  system_gd32f4xx.o
    0x20000004   0x08000b4c   0x00000002   Data   RW           37    .data.buzzer_period  main.o
    0x20000006   0x08000b4e   0x00000002   PAD
    0x20000008        -       0x00000004   Zero   RW           55    .bss.delay          systick.o
    0x2000000c   0x08000b4e   0x00000004   PAD
    0x20000010        -       0x00000400   Zero   RW          391    STACK               startup_gd32f407_427.o


==============================================================================

Image component sizes


      Code (inc. data)   RO Data    RW Data    ZI Data      Debug   Object Name

       282          0          0          0          0       5348   gd32f4xx_gpio.o
        20          0          0          0          0       1081   gd32f4xx_it.o
        30          0          0          0          0      18895   gd32f4xx_rcu.o
       844         12          0          0          0      21212   gd32f4xx_timer.o
       672          0          0          2          0       4030   main.o
        36          8        392          0       1024        912   startup_gd32f407_427.o
       342          0          0          4          0       2457   system_gd32f4xx.o
        98          0          0          0          4       4475   systick.o

    ----------------------------------------------------------------------
      2364         20        424          8       1032      58410   Object Totals
         0          0         32          0          0          0   (incl. Generated)
        40          0          0          2          4          0   (incl. Padding)

    ----------------------------------------------------------------------

      Code (inc. data)   RO Data    RW Data    ZI Data      Debug   Library Member Name

         0          0          0          0          0          0   entry.o
         0          0          0          0          0          0   entry10a.o
         0          0          0          0          0          0   entry11a.o
         8          4          0          0          0          0   entry2.o
         4          0          0          0          0          0   entry5.o
         0          0          0          0          0          0   entry7b.o
         0          0          0          0          0          0   entry8b.o
         8          4          0          0          0          0   entry9a.o
        30          0          0          0          0          0   handlers.o
        48         10          0          0          0         68   init.o

    ----------------------------------------------------------------------
       100         18          0          0          0         68   Library Totals
         2          0          0          0          0          0   (incl. Padding)

    ----------------------------------------------------------------------

      Code (inc. data)   RO Data    RW Data    ZI Data      Debug   Library Name

        98         18          0          0          0         68   mc_w.l

    ----------------------------------------------------------------------
       100         18          0          0          0         68   Library Totals

    ----------------------------------------------------------------------

==============================================================================


      Code (inc. data)   RO Data    RW Data    ZI Data      Debug   

      2464         38        424          8       1032      58562   Grand Totals
      2464         38        424          8       1032      58562   ELF Image Totals
      2464         38        424          8          0          0   ROM Totals

==============================================================================

    Total RO  Size (Code + RO Data)                 2888 (   2.82kB)
    Total RW  Size (RW Data + ZI Data)              1040 (   1.02kB)
    Total ROM Size (Code + RO Data + RW Data)       2896 (   2.83kB)

==============================================================================

