<html>
<body>
<pre>
<h1>µVision Build Log</h1>
<h2>Tool Versions:</h2>
IDE-Version: ¦ÌVision V5.38.0.0
Copyright (C) 2022 ARM Ltd and ARM Germany GmbH. All rights reserved.
License Information: qcbz 1035152043@qq.com, itcast, LIC=YA39H-WVNHD-634MB-2VZSG-0XQR1-GDUPF
 
Tool Versions:
Toolchain:       MDK-ARM Plus  Version: 5.38.0.0
Toolchain Path:  D:\soft\work\keil_arm\ARM\ARMCLANG\Bin
C Compiler:      ArmClang.exe V6.19
Assembler:       Armasm.exe V6.19
Linker/Locator:  ArmLink.exe V6.19
Library Manager: ArmAr.exe V6.19
Hex Converter:   FromElf.exe V6.19
CPU DLL:         SARMCM3.DLL V5.38.0.0
Dialog DLL:      DCM.DLL V1.17.5.0
Target DLL:      CMSIS_AGDI.dll V1.33.15.0
Dialog DLL:      TCM.DLL V1.56.4.0
 
<h2>Project:</h2>
D:\code\ARM32\final\sz16\15GD32F407_KEYS\Project\GD32F407.uvprojx
Project File Date:  09/15/2026

<h2>Output:</h2>
*** Using Compiler 'V6.19', folder: 'D:\soft\work\keil_arm\ARM\ARMCLANG\Bin'
Rebuild target 'GD32F407'
compiling gd32f4xx_it.c...
assembling startup_gd32f407_427.s...
compiling main.c...
compiling system_gd32f4xx.c...
compiling gd32f4xx_misc.c...
compiling gd32f4xx_gpio.c...
compiling bsp_leds.c...
compiling systick.c...
compiling gd32f4xx_rcu.c...
linking...
Program Size: Code=1264 RO-data=424 RW-data=112 ZI-data=1032  
FromELF: creating hex file...
".\Objects\GD32F407.axf" - 0 Error(s), 0 Warning(s).

<h2>Software Packages used:</h2>

Package Vendor: GigaDevice
                https://gd32mcu.com/GigaDevice.GD32F4xx_DFP.3.5.0.pack
                GigaDevice.GD32F4xx_DFP.3.5.0
                GigaDevice GD32F4xx Series Device Support and Examples

<h2>Collection of Component include folders:</h2>
  D:/soft/work/keil_arm/Packs/GigaDevice/GD32F4xx_DFP/3.5.0/Device/F4XX/Include

<h2>Collection of Component Files used:</h2>
Build Time Elapsed:  00:00:01
</pre>
</body>
</html>
