<html>
<body>
<pre>
<h1>µVision Build Log</h1>
<h2>Tool Versions:</h2>
IDE-Version: ¦ÌVision V5.39.0.0
Copyright (C) 2023 ARM Ltd and ARM Germany GmbH. All rights reserved.
License Information: lgb lgb, lgb, LIC=CZLZX-HA8N0-PCFJ8-3T7U3-IMF31-XS9PY
 
Tool Versions:
Toolchain:       MDK-ARM Plus  Version: 5.39.0.0
Toolchain Path:  D:\APP\Keil_v5\ARM\ARMCLANG\Bin
C Compiler:      ArmClang.exe V6.21
Assembler:       Armasm.exe V6.21
Linker/Locator:  ArmLink.exe V6.21
Library Manager: ArmAr.exe V6.21
Hex Converter:   FromElf.exe V6.21
CPU DLL:         SARMCM3.DLL V5.39.0.0
Dialog DLL:      DCM.DLL V1.17.5.0
Target DLL:      CMSIS_AGDI.dll V1.33.16.0
Dialog DLL:      TCM.DLL V1.56.4.0
 
<h2>Project:</h2>
E:\GD32\ARM32\day03\GD32F407_KEY\Project\GD32F407.uvprojx
Project File Date:  09/15/2026

<h2>Output:</h2>
*** Using Compiler 'V6.21', folder: 'D:\APP\Keil_v5\ARM\ARMCLANG\Bin'
Build target 'GD32F407'
compiling main.c...
linking...
Program Size: Code=956 RO-data=424 RW-data=4 ZI-data=1036  
FromELF: creating hex file...
".\Objects\GD32F407.axf" - 0 Error(s), 0 Warning(s).

<h2>Software Packages used:</h2>

Package Vendor: GigaDevice
                https://gd32mcu.com/data/documents/pack/GigaDevice.GD32F4xx_DFP.3.2.0.pack
                GigaDevice::GD32F4xx_DFP@3.2.0
                GigaDevice GD32F4xx Series Device Support and Examples

<h2>Collection of Component include folders:</h2>
  D:/APP/Keil_v5/ARM/Packs/GigaDevice/GD32F4xx_DFP/3.2.0/Device/F4XX/Include

<h2>Collection of Component Files used:</h2>
Build Time Elapsed:  00:00:00
</pre>
</body>
</html>
